[1.002s] Invoking command in '/home/abhinav/Desktop/roboControl/src/robonex_ai': PYTHONPATH=/home/abhinav/Desktop/roboControl/build/robonex_ai/prefix_override:/usr/lib/python3/dist-packages/colcon_core/task/python/colcon_distutils_commands:/home/abhinav/Desktop/roboControl/install/robonex_ai/lib/python3.12/site-packages:${PYTHONPATH} /usr/bin/python3 -W ignore:setup.py install is deprecated -W ignore:easy_install command is deprecated setup.py egg_info --egg-base ../../build/robonex_ai build --build-base /home/abhinav/Desktop/roboControl/build/robonex_ai/build install --record /home/abhinav/Desktop/roboControl/build/robonex_ai/install.log --single-version-externally-managed install_data
[1.325s] running egg_info
[1.326s] creating ../../build/robonex_ai/robonex_ai.egg-info
[1.348s] writing ../../build/robonex_ai/robonex_ai.egg-info/PKG-INFO
[1.348s] writing dependency_links to ../../build/robonex_ai/robonex_ai.egg-info/dependency_links.txt
[1.348s] writing requirements to ../../build/robonex_ai/robonex_ai.egg-info/requires.txt
[1.348s] writing top-level names to ../../build/robonex_ai/robonex_ai.egg-info/top_level.txt
[1.349s] writing manifest file '../../build/robonex_ai/robonex_ai.egg-info/SOURCES.txt'
[1.395s] reading manifest file '../../build/robonex_ai/robonex_ai.egg-info/SOURCES.txt'
[1.395s] writing manifest file '../../build/robonex_ai/robonex_ai.egg-info/SOURCES.txt'
[1.395s] running build
[1.396s] running build_py
[1.396s] creating /home/abhinav/Desktop/roboControl/build/robonex_ai/build
[1.396s] creating /home/abhinav/Desktop/roboControl/build/robonex_ai/build/lib
[1.396s] creating /home/abhinav/Desktop/roboControl/build/robonex_ai/build/lib/robonex_ai
[1.396s] copying robonex_ai/__init__.py -> /home/abhinav/Desktop/roboControl/build/robonex_ai/build/lib/robonex_ai
[1.397s] running install
[1.404s] running install_lib
[1.432s] creating /home/abhinav/Desktop/roboControl/install/robonex_ai/lib/python3.12/site-packages/robonex_ai
[1.432s] copying /home/abhinav/Desktop/roboControl/build/robonex_ai/build/lib/robonex_ai/__init__.py -> /home/abhinav/Desktop/roboControl/install/robonex_ai/lib/python3.12/site-packages/robonex_ai
[1.432s] byte-compiling /home/abhinav/Desktop/roboControl/install/robonex_ai/lib/python3.12/site-packages/robonex_ai/__init__.py to __init__.cpython-312.pyc
[1.433s] running install_data
[1.433s] creating /home/abhinav/Desktop/roboControl/install/robonex_ai/share/ament_index
[1.433s] creating /home/abhinav/Desktop/roboControl/install/robonex_ai/share/ament_index/resource_index
[1.433s] creating /home/abhinav/Desktop/roboControl/install/robonex_ai/share/ament_index/resource_index/packages
[1.434s] copying resource/robonex_ai -> /home/abhinav/Desktop/roboControl/install/robonex_ai/share/ament_index/resource_index/packages
[1.434s] copying package.xml -> /home/abhinav/Desktop/roboControl/install/robonex_ai/share/robonex_ai
[1.434s] running install_egg_info
[1.458s] Copying ../../build/robonex_ai/robonex_ai.egg-info to /home/abhinav/Desktop/roboControl/install/robonex_ai/lib/python3.12/site-packages/robonex_ai-0.0.0-py3.12.egg-info
[1.459s] running install_scripts
[1.616s] writing list of installed files to '/home/abhinav/Desktop/roboControl/build/robonex_ai/install.log'
[1.654s] Invoked command in '/home/abhinav/Desktop/roboControl/src/robonex_ai' returned '0': PYTHONPATH=/home/abhinav/Desktop/roboControl/build/robonex_ai/prefix_override:/usr/lib/python3/dist-packages/colcon_core/task/python/colcon_distutils_commands:/home/abhinav/Desktop/roboControl/install/robonex_ai/lib/python3.12/site-packages:${PYTHONPATH} /usr/bin/python3 -W ignore:setup.py install is deprecated -W ignore:easy_install command is deprecated setup.py egg_info --egg-base ../../build/robonex_ai build --build-base /home/abhinav/Desktop/roboControl/build/robonex_ai/build install --record /home/abhinav/Desktop/roboControl/build/robonex_ai/install.log --single-version-externally-managed install_data
