[1.321s] DEBUG:colcon:Command line arguments: ['/usr/bin/colcon', 'build']
[1.322s] DEBUG:colcon:Parsed command line arguments: Namespace(log_base=None, log_level=None, verb_name='build', build_base='build', install_base='install', merge_install=False, symlink_install=False, test_result_base=None, continue_on_error=False, executor='parallel', parallel_workers=4, event_handlers=None, ignore_user_meta=False, metas=['./colcon.meta'], base_paths=['.'], packages_ignore=None, packages_ignore_regex=None, paths=None, packages_up_to=None, packages_up_to_regex=None, packages_above=None, packages_above_and_dependencies=None, packages_above_depth=None, packages_select_by_dep=None, packages_skip_by_dep=None, packages_skip_up_to=None, packages_select_build_failed=False, packages_skip_build_finished=False, packages_select_test_failures=False, packages_skip_test_passed=False, packages_select=None, packages_skip=None, packages_select_regex=None, packages_skip_regex=None, packages_start=None, packages_end=None, allow_overriding=[], cmake_args=None, cmake_target=None, cmake_target_skip_unavailable=False, cmake_clean_cache=False, cmake_clean_first=False, cmake_force_configure=False, ament_cmake_args=None, catkin_cmake_args=None, catkin_skip_building_tests=False, mixin_files=None, mixin=None, verb_parser=<colcon_mixin.mixin.mixin_argument.MixinArgumentDecorator object at 0x729747690560>, verb_extension=<colcon_core.verb.build.BuildVerb object at 0x7297476902c0>, main=<bound method BuildVerb.main of <colcon_core.verb.build.BuildVerb object at 0x7297476902c0>>, mixin_verb=('build',))
[1.510s] Level 1:colcon.colcon_core.package_discovery:discover_packages(colcon_meta) check parameters
[1.510s] Level 1:colcon.colcon_core.package_discovery:discover_packages(recursive) check parameters
[1.510s] Level 1:colcon.colcon_core.package_discovery:discover_packages(ignore) check parameters
[1.510s] Level 1:colcon.colcon_core.package_discovery:discover_packages(path) check parameters
[1.510s] Level 1:colcon.colcon_core.package_discovery:discover_packages(colcon_meta) discover
[1.510s] Level 1:colcon.colcon_core.package_discovery:discover_packages(recursive) discover
[1.510s] INFO:colcon.colcon_core.package_discovery:Crawling recursively for packages in '/home/abhinav/Desktop/roboControl'
[1.511s] Level 1:colcon.colcon_core.package_identification:_identify(.) by extensions ['ignore', 'ignore_ament_install']
[1.511s] Level 1:colcon.colcon_core.package_identification:_identify(.) by extension 'ignore'
[1.511s] Level 1:colcon.colcon_core.package_identification:_identify(.) by extension 'ignore_ament_install'
[1.511s] Level 1:colcon.colcon_core.package_identification:_identify(.) by extensions ['colcon_pkg']
[1.511s] Level 1:colcon.colcon_core.package_identification:_identify(.) by extension 'colcon_pkg'
[1.511s] Level 1:colcon.colcon_core.package_identification:_identify(.) by extensions ['colcon_meta']
[1.511s] Level 1:colcon.colcon_core.package_identification:_identify(.) by extension 'colcon_meta'
[1.511s] Level 1:colcon.colcon_core.package_identification:_identify(.) by extensions ['ros']
[1.512s] Level 1:colcon.colcon_core.package_identification:_identify(.) by extension 'ros'
[1.656s] Level 1:colcon.colcon_core.package_identification:_identify(.) by extensions ['cmake', 'python']
[1.659s] Level 1:colcon.colcon_core.package_identification:_identify(.) by extension 'cmake'
[1.659s] Level 1:colcon.colcon_core.package_identification:_identify(.) by extension 'python'
[1.659s] Level 1:colcon.colcon_core.package_identification:_identify(.) by extensions ['python_setup_py']
[1.659s] Level 1:colcon.colcon_core.package_identification:_identify(.) by extension 'python_setup_py'
[1.660s] Level 1:colcon.colcon_core.package_identification:_identify(build) by extensions ['ignore', 'ignore_ament_install']
[1.660s] Level 1:colcon.colcon_core.package_identification:_identify(build) by extension 'ignore'
[1.660s] Level 1:colcon.colcon_core.package_identification:_identify(build) ignored
[1.660s] Level 1:colcon.colcon_core.package_identification:_identify(install) by extensions ['ignore', 'ignore_ament_install']
[1.661s] Level 1:colcon.colcon_core.package_identification:_identify(install) by extension 'ignore'
[1.661s] Level 1:colcon.colcon_core.package_identification:_identify(install) ignored
[1.661s] Level 1:colcon.colcon_core.package_identification:_identify(log) by extensions ['ignore', 'ignore_ament_install']
[1.661s] Level 1:colcon.colcon_core.package_identification:_identify(log) by extension 'ignore'
[1.661s] Level 1:colcon.colcon_core.package_identification:_identify(log) ignored
[1.661s] Level 1:colcon.colcon_core.package_identification:_identify(src) by extensions ['ignore', 'ignore_ament_install']
[1.661s] Level 1:colcon.colcon_core.package_identification:_identify(src) by extension 'ignore'
[1.665s] Level 1:colcon.colcon_core.package_identification:_identify(src) by extension 'ignore_ament_install'
[1.665s] Level 1:colcon.colcon_core.package_identification:_identify(src) by extensions ['colcon_pkg']
[1.667s] Level 1:colcon.colcon_core.package_identification:_identify(src) by extension 'colcon_pkg'
[1.668s] Level 1:colcon.colcon_core.package_identification:_identify(src) by extensions ['colcon_meta']
[1.668s] Level 1:colcon.colcon_core.package_identification:_identify(src) by extension 'colcon_meta'
[1.668s] Level 1:colcon.colcon_core.package_identification:_identify(src) by extensions ['ros']
[1.668s] Level 1:colcon.colcon_core.package_identification:_identify(src) by extension 'ros'
[1.668s] Level 1:colcon.colcon_core.package_identification:_identify(src) by extensions ['cmake', 'python']
[1.668s] Level 1:colcon.colcon_core.package_identification:_identify(src) by extension 'cmake'
[1.668s] Level 1:colcon.colcon_core.package_identification:_identify(src) by extension 'python'
[1.668s] Level 1:colcon.colcon_core.package_identification:_identify(src) by extensions ['python_setup_py']
[1.669s] Level 1:colcon.colcon_core.package_identification:_identify(src) by extension 'python_setup_py'
[1.669s] Level 1:colcon.colcon_core.package_identification:_identify(src/robonex_ai) by extensions ['ignore', 'ignore_ament_install']
[1.669s] Level 1:colcon.colcon_core.package_identification:_identify(src/robonex_ai) by extension 'ignore'
[1.669s] Level 1:colcon.colcon_core.package_identification:_identify(src/robonex_ai) by extension 'ignore_ament_install'
[1.669s] Level 1:colcon.colcon_core.package_identification:_identify(src/robonex_ai) by extensions ['colcon_pkg']
[1.669s] Level 1:colcon.colcon_core.package_identification:_identify(src/robonex_ai) by extension 'colcon_pkg'
[1.669s] Level 1:colcon.colcon_core.package_identification:_identify(src/robonex_ai) by extensions ['colcon_meta']
[1.669s] Level 1:colcon.colcon_core.package_identification:_identify(src/robonex_ai) by extension 'colcon_meta'
[1.671s] Level 1:colcon.colcon_core.package_identification:_identify(src/robonex_ai) by extensions ['ros']
[1.671s] Level 1:colcon.colcon_core.package_identification:_identify(src/robonex_ai) by extension 'ros'
[1.682s] DEBUG:colcon.colcon_core.package_identification:Package 'src/robonex_ai' with type 'ros.ament_python' and name 'robonex_ai'
[1.682s] Level 1:colcon.colcon_core.package_identification:_identify(src/robonex_hardware) by extensions ['ignore', 'ignore_ament_install']
[1.682s] Level 1:colcon.colcon_core.package_identification:_identify(src/robonex_hardware) by extension 'ignore'
[1.682s] Level 1:colcon.colcon_core.package_identification:_identify(src/robonex_hardware) by extension 'ignore_ament_install'
[1.682s] Level 1:colcon.colcon_core.package_identification:_identify(src/robonex_hardware) by extensions ['colcon_pkg']
[1.682s] Level 1:colcon.colcon_core.package_identification:_identify(src/robonex_hardware) by extension 'colcon_pkg'
[1.682s] Level 1:colcon.colcon_core.package_identification:_identify(src/robonex_hardware) by extensions ['colcon_meta']
[1.682s] Level 1:colcon.colcon_core.package_identification:_identify(src/robonex_hardware) by extension 'colcon_meta'
[1.682s] Level 1:colcon.colcon_core.package_identification:_identify(src/robonex_hardware) by extensions ['ros']
[1.683s] Level 1:colcon.colcon_core.package_identification:_identify(src/robonex_hardware) by extension 'ros'
[1.689s] DEBUG:colcon.colcon_core.package_identification:Package 'src/robonex_hardware' with type 'ros.ament_python' and name 'robonex_hardware'
[1.689s] Level 1:colcon.colcon_core.package_discovery:discover_packages(recursive) using defaults
[1.689s] Level 1:colcon.colcon_core.package_discovery:discover_packages(ignore) discover
[1.689s] Level 1:colcon.colcon_core.package_discovery:discover_packages(ignore) using defaults
[1.689s] Level 1:colcon.colcon_core.package_discovery:discover_packages(path) discover
[1.689s] Level 1:colcon.colcon_core.package_discovery:discover_packages(path) using defaults
[1.797s] Level 1:colcon.colcon_core.package_discovery:discover_packages(prefix_path) check parameters
[1.797s] Level 1:colcon.colcon_core.package_discovery:discover_packages(prefix_path) discover
[1.808s] DEBUG:colcon.colcon_installed_package_information.package_discovery:Found 286 installed packages in /opt/ros/jazzy
[1.811s] Level 1:colcon.colcon_core.package_discovery:discover_packages(prefix_path) using defaults
[1.908s] Level 5:colcon.colcon_core.verb:set package 'robonex_ai' build argument 'cmake_args' from command line to 'None'
[1.909s] Level 5:colcon.colcon_core.verb:set package 'robonex_ai' build argument 'cmake_target' from command line to 'None'
[1.909s] Level 5:colcon.colcon_core.verb:set package 'robonex_ai' build argument 'cmake_target_skip_unavailable' from command line to 'False'
[1.909s] Level 5:colcon.colcon_core.verb:set package 'robonex_ai' build argument 'cmake_clean_cache' from command line to 'False'
[1.909s] Level 5:colcon.colcon_core.verb:set package 'robonex_ai' build argument 'cmake_clean_first' from command line to 'False'
[1.909s] Level 5:colcon.colcon_core.verb:set package 'robonex_ai' build argument 'cmake_force_configure' from command line to 'False'
[1.909s] Level 5:colcon.colcon_core.verb:set package 'robonex_ai' build argument 'ament_cmake_args' from command line to 'None'
[1.910s] Level 5:colcon.colcon_core.verb:set package 'robonex_ai' build argument 'catkin_cmake_args' from command line to 'None'
[1.910s] Level 5:colcon.colcon_core.verb:set package 'robonex_ai' build argument 'catkin_skip_building_tests' from command line to 'False'
[1.910s] DEBUG:colcon.colcon_core.verb:Building package 'robonex_ai' with the following arguments: {'ament_cmake_args': None, 'build_base': '/home/abhinav/Desktop/roboControl/build/robonex_ai', 'catkin_cmake_args': None, 'catkin_skip_building_tests': False, 'cmake_args': None, 'cmake_clean_cache': False, 'cmake_clean_first': False, 'cmake_force_configure': False, 'cmake_target': None, 'cmake_target_skip_unavailable': False, 'install_base': '/home/abhinav/Desktop/roboControl/install/robonex_ai', 'merge_install': False, 'path': '/home/abhinav/Desktop/roboControl/src/robonex_ai', 'symlink_install': False, 'test_result_base': None}
[1.911s] Level 5:colcon.colcon_core.verb:set package 'robonex_hardware' build argument 'cmake_args' from command line to 'None'
[1.911s] Level 5:colcon.colcon_core.verb:set package 'robonex_hardware' build argument 'cmake_target' from command line to 'None'
[1.911s] Level 5:colcon.colcon_core.verb:set package 'robonex_hardware' build argument 'cmake_target_skip_unavailable' from command line to 'False'
[1.911s] Level 5:colcon.colcon_core.verb:set package 'robonex_hardware' build argument 'cmake_clean_cache' from command line to 'False'
[1.911s] Level 5:colcon.colcon_core.verb:set package 'robonex_hardware' build argument 'cmake_clean_first' from command line to 'False'
[1.911s] Level 5:colcon.colcon_core.verb:set package 'robonex_hardware' build argument 'cmake_force_configure' from command line to 'False'
[1.911s] Level 5:colcon.colcon_core.verb:set package 'robonex_hardware' build argument 'ament_cmake_args' from command line to 'None'
[1.911s] Level 5:colcon.colcon_core.verb:set package 'robonex_hardware' build argument 'catkin_cmake_args' from command line to 'None'
[1.911s] Level 5:colcon.colcon_core.verb:set package 'robonex_hardware' build argument 'catkin_skip_building_tests' from command line to 'False'
[1.911s] DEBUG:colcon.colcon_core.verb:Building package 'robonex_hardware' with the following arguments: {'ament_cmake_args': None, 'build_base': '/home/abhinav/Desktop/roboControl/build/robonex_hardware', 'catkin_cmake_args': None, 'catkin_skip_building_tests': False, 'cmake_args': None, 'cmake_clean_cache': False, 'cmake_clean_first': False, 'cmake_force_configure': False, 'cmake_target': None, 'cmake_target_skip_unavailable': False, 'install_base': '/home/abhinav/Desktop/roboControl/install/robonex_hardware', 'merge_install': False, 'path': '/home/abhinav/Desktop/roboControl/src/robonex_hardware', 'symlink_install': False, 'test_result_base': None}
[1.912s] INFO:colcon.colcon_core.executor:Executing jobs using 'parallel' executor
[1.914s] DEBUG:colcon.colcon_parallel_executor.executor.parallel:run_until_complete
[1.914s] INFO:colcon.colcon_ros.task.ament_python.build:Building ROS package in '/home/abhinav/Desktop/roboControl/src/robonex_ai' with build type 'ament_python'
[1.915s] Level 1:colcon.colcon_core.shell:create_environment_hook('robonex_ai', 'ament_prefix_path')
[1.928s] INFO:colcon.colcon_core.plugin_system:Skipping extension 'colcon_core.shell.bat': Not used on non-Windows systems
[1.928s] INFO:colcon.colcon_core.shell:Creating environment hook '/home/abhinav/Desktop/roboControl/install/robonex_ai/share/robonex_ai/hook/ament_prefix_path.ps1'
[1.931s] INFO:colcon.colcon_core.shell:Creating environment descriptor '/home/abhinav/Desktop/roboControl/install/robonex_ai/share/robonex_ai/hook/ament_prefix_path.dsv'
[1.935s] INFO:colcon.colcon_core.shell:Creating environment hook '/home/abhinav/Desktop/roboControl/install/robonex_ai/share/robonex_ai/hook/ament_prefix_path.sh'
[1.937s] INFO:colcon.colcon_core.shell:Skip shell extension 'powershell' for command environment: Not usable outside of PowerShell
[1.941s] DEBUG:colcon.colcon_core.shell:Skip shell extension 'dsv' for command environment
[1.960s] INFO:colcon.colcon_ros.task.ament_python.build:Building ROS package in '/home/abhinav/Desktop/roboControl/src/robonex_hardware' with build type 'ament_python'
[1.961s] Level 1:colcon.colcon_core.shell:create_environment_hook('robonex_hardware', 'ament_prefix_path')
[1.961s] INFO:colcon.colcon_core.shell:Creating environment hook '/home/abhinav/Desktop/roboControl/install/robonex_hardware/share/robonex_hardware/hook/ament_prefix_path.ps1'
[1.962s] INFO:colcon.colcon_core.shell:Creating environment descriptor '/home/abhinav/Desktop/roboControl/install/robonex_hardware/share/robonex_hardware/hook/ament_prefix_path.dsv'
[1.963s] INFO:colcon.colcon_core.shell:Creating environment hook '/home/abhinav/Desktop/roboControl/install/robonex_hardware/share/robonex_hardware/hook/ament_prefix_path.sh'
[1.968s] INFO:colcon.colcon_core.shell:Skip shell extension 'powershell' for command environment: Not usable outside of PowerShell
[1.968s] DEBUG:colcon.colcon_core.shell:Skip shell extension 'dsv' for command environment
[2.533s] INFO:colcon.colcon_core.task.python.build:Building Python package in '/home/abhinav/Desktop/roboControl/src/robonex_ai'
[2.533s] INFO:colcon.colcon_core.shell:Skip shell extension 'powershell' for command environment: Not usable outside of PowerShell
[2.533s] DEBUG:colcon.colcon_core.shell:Skip shell extension 'dsv' for command environment
[3.439s] INFO:colcon.colcon_core.task.python.build:Building Python package in '/home/abhinav/Desktop/roboControl/src/robonex_hardware'
[3.439s] INFO:colcon.colcon_core.shell:Skip shell extension 'powershell' for command environment: Not usable outside of PowerShell
[3.439s] DEBUG:colcon.colcon_core.shell:Skip shell extension 'dsv' for command environment
[9.349s] DEBUG:colcon.colcon_core.event_handler.log_command:Invoking command in '/home/abhinav/Desktop/roboControl/src/robonex_ai': PYTHONPATH=/home/abhinav/Desktop/roboControl/build/robonex_ai/prefix_override:/usr/lib/python3/dist-packages/colcon_core/task/python/colcon_distutils_commands:/home/abhinav/Desktop/roboControl/install/robonex_ai/lib/python3.12/site-packages:${PYTHONPATH} /usr/bin/python3 -W ignore:setup.py install is deprecated -W ignore:easy_install command is deprecated setup.py egg_info --egg-base ../../build/robonex_ai build --build-base /home/abhinav/Desktop/roboControl/build/robonex_ai/build install --record /home/abhinav/Desktop/roboControl/build/robonex_ai/install.log --single-version-externally-managed install_data
[9.994s] DEBUG:colcon.colcon_core.event_handler.log_command:Invoking command in '/home/abhinav/Desktop/roboControl/src/robonex_hardware': PYTHONPATH=/home/abhinav/Desktop/roboControl/build/robonex_hardware/prefix_override:/usr/lib/python3/dist-packages/colcon_core/task/python/colcon_distutils_commands:/home/abhinav/Desktop/roboControl/install/robonex_hardware/lib/python3.12/site-packages:${PYTHONPATH} /usr/bin/python3 -W ignore:setup.py install is deprecated -W ignore:easy_install command is deprecated setup.py egg_info --egg-base ../../build/robonex_hardware build --build-base /home/abhinav/Desktop/roboControl/build/robonex_hardware/build install --record /home/abhinav/Desktop/roboControl/build/robonex_hardware/install.log --single-version-externally-managed install_data
[10.927s] DEBUG:colcon.colcon_core.event_handler.log_command:Invoked command in '/home/abhinav/Desktop/roboControl/src/robonex_ai' returned '0': PYTHONPATH=/home/abhinav/Desktop/roboControl/build/robonex_ai/prefix_override:/usr/lib/python3/dist-packages/colcon_core/task/python/colcon_distutils_commands:/home/abhinav/Desktop/roboControl/install/robonex_ai/lib/python3.12/site-packages:${PYTHONPATH} /usr/bin/python3 -W ignore:setup.py install is deprecated -W ignore:easy_install command is deprecated setup.py egg_info --egg-base ../../build/robonex_ai build --build-base /home/abhinav/Desktop/roboControl/build/robonex_ai/build install --record /home/abhinav/Desktop/roboControl/build/robonex_ai/install.log --single-version-externally-managed install_data
[10.939s] Level 1:colcon.colcon_core.environment:checking '/home/abhinav/Desktop/roboControl/install/robonex_ai' for CMake module files
[10.940s] Level 1:colcon.colcon_core.environment:checking '/home/abhinav/Desktop/roboControl/install/robonex_ai' for CMake config files
[10.942s] Level 1:colcon.colcon_core.environment:checking '/home/abhinav/Desktop/roboControl/install/robonex_ai/lib'
[10.942s] Level 1:colcon.colcon_core.environment:checking '/home/abhinav/Desktop/roboControl/install/robonex_ai/bin'
[10.942s] Level 1:colcon.colcon_core.environment:checking '/home/abhinav/Desktop/roboControl/install/robonex_ai/lib/pkgconfig/robonex_ai.pc'
[10.943s] Level 1:colcon.colcon_core.environment:checking '/home/abhinav/Desktop/roboControl/install/robonex_ai/lib/python3.12/site-packages'
[10.943s] Level 1:colcon.colcon_core.shell:create_environment_hook('robonex_ai', 'pythonpath')
[10.943s] INFO:colcon.colcon_core.shell:Creating environment hook '/home/abhinav/Desktop/roboControl/install/robonex_ai/share/robonex_ai/hook/pythonpath.ps1'
[10.944s] INFO:colcon.colcon_core.shell:Creating environment descriptor '/home/abhinav/Desktop/roboControl/install/robonex_ai/share/robonex_ai/hook/pythonpath.dsv'
[10.948s] INFO:colcon.colcon_core.shell:Creating environment hook '/home/abhinav/Desktop/roboControl/install/robonex_ai/share/robonex_ai/hook/pythonpath.sh'
[10.951s] Level 1:colcon.colcon_core.environment:checking '/home/abhinav/Desktop/roboControl/install/robonex_ai/bin'
[10.952s] Level 1:colcon.colcon_core.environment:create_environment_scripts_only(robonex_ai)
[10.952s] INFO:colcon.colcon_core.shell:Creating package script '/home/abhinav/Desktop/roboControl/install/robonex_ai/share/robonex_ai/package.ps1'
[10.960s] INFO:colcon.colcon_core.shell:Creating package descriptor '/home/abhinav/Desktop/roboControl/install/robonex_ai/share/robonex_ai/package.dsv'
[10.961s] INFO:colcon.colcon_core.shell:Creating package script '/home/abhinav/Desktop/roboControl/install/robonex_ai/share/robonex_ai/package.sh'
[10.964s] INFO:colcon.colcon_core.shell:Creating package script '/home/abhinav/Desktop/roboControl/install/robonex_ai/share/robonex_ai/package.bash'
[10.967s] INFO:colcon.colcon_core.shell:Creating package script '/home/abhinav/Desktop/roboControl/install/robonex_ai/share/robonex_ai/package.zsh'
[10.970s] Level 1:colcon.colcon_core.environment:create_file_with_runtime_dependencies(/home/abhinav/Desktop/roboControl/install/robonex_ai/share/colcon-core/packages/robonex_ai)
[13.217s] Level 1:colcon.colcon_core.environment:checking '/home/abhinav/Desktop/roboControl/install/robonex_hardware' for CMake module files
[13.220s] Level 1:colcon.colcon_core.environment:checking '/home/abhinav/Desktop/roboControl/install/robonex_hardware' for CMake config files
[13.220s] DEBUG:colcon.colcon_core.event_handler.log_command:Invoked command in '/home/abhinav/Desktop/roboControl/src/robonex_hardware' returned '0': PYTHONPATH=/home/abhinav/Desktop/roboControl/build/robonex_hardware/prefix_override:/usr/lib/python3/dist-packages/colcon_core/task/python/colcon_distutils_commands:/home/abhinav/Desktop/roboControl/install/robonex_hardware/lib/python3.12/site-packages:${PYTHONPATH} /usr/bin/python3 -W ignore:setup.py install is deprecated -W ignore:easy_install command is deprecated setup.py egg_info --egg-base ../../build/robonex_hardware build --build-base /home/abhinav/Desktop/roboControl/build/robonex_hardware/build install --record /home/abhinav/Desktop/roboControl/build/robonex_hardware/install.log --single-version-externally-managed install_data
[13.225s] Level 1:colcon.colcon_core.environment:checking '/home/abhinav/Desktop/roboControl/install/robonex_hardware/lib'
[13.226s] Level 1:colcon.colcon_core.environment:checking '/home/abhinav/Desktop/roboControl/install/robonex_hardware/bin'
[13.226s] Level 1:colcon.colcon_core.environment:checking '/home/abhinav/Desktop/roboControl/install/robonex_hardware/lib/pkgconfig/robonex_hardware.pc'
[13.226s] Level 1:colcon.colcon_core.environment:checking '/home/abhinav/Desktop/roboControl/install/robonex_hardware/lib/python3.12/site-packages'
[13.229s] Level 1:colcon.colcon_core.shell:create_environment_hook('robonex_hardware', 'pythonpath')
[13.231s] INFO:colcon.colcon_core.shell:Creating environment hook '/home/abhinav/Desktop/roboControl/install/robonex_hardware/share/robonex_hardware/hook/pythonpath.ps1'
[13.235s] INFO:colcon.colcon_core.shell:Creating environment descriptor '/home/abhinav/Desktop/roboControl/install/robonex_hardware/share/robonex_hardware/hook/pythonpath.dsv'
[13.242s] INFO:colcon.colcon_core.shell:Creating environment hook '/home/abhinav/Desktop/roboControl/install/robonex_hardware/share/robonex_hardware/hook/pythonpath.sh'
[13.247s] Level 1:colcon.colcon_core.environment:checking '/home/abhinav/Desktop/roboControl/install/robonex_hardware/bin'
[13.247s] Level 1:colcon.colcon_core.environment:create_environment_scripts_only(robonex_hardware)
[13.250s] INFO:colcon.colcon_core.shell:Creating package script '/home/abhinav/Desktop/roboControl/install/robonex_hardware/share/robonex_hardware/package.ps1'
[13.258s] INFO:colcon.colcon_core.shell:Creating package descriptor '/home/abhinav/Desktop/roboControl/install/robonex_hardware/share/robonex_hardware/package.dsv'
[13.262s] INFO:colcon.colcon_core.shell:Creating package script '/home/abhinav/Desktop/roboControl/install/robonex_hardware/share/robonex_hardware/package.sh'
[13.263s] INFO:colcon.colcon_core.shell:Creating package script '/home/abhinav/Desktop/roboControl/install/robonex_hardware/share/robonex_hardware/package.bash'
[13.264s] INFO:colcon.colcon_core.shell:Creating package script '/home/abhinav/Desktop/roboControl/install/robonex_hardware/share/robonex_hardware/package.zsh'
[13.266s] Level 1:colcon.colcon_core.environment:create_file_with_runtime_dependencies(/home/abhinav/Desktop/roboControl/install/robonex_hardware/share/colcon-core/packages/robonex_hardware)
[13.269s] DEBUG:colcon.colcon_parallel_executor.executor.parallel:closing loop
[13.270s] DEBUG:colcon.colcon_parallel_executor.executor.parallel:loop closed
[13.270s] DEBUG:colcon.colcon_parallel_executor.executor.parallel:run_until_complete finished with '0'
[13.270s] DEBUG:colcon.colcon_core.event_reactor:joining thread
[13.329s] INFO:colcon.colcon_core.plugin_system:Skipping extension 'colcon_notification.desktop_notification.notify_send': Could not find 'notify-send'
[13.329s] INFO:colcon.colcon_core.plugin_system:Skipping extension 'colcon_notification.desktop_notification.terminal_notifier': Not used on non-Darwin systems
[13.329s] INFO:colcon.colcon_core.plugin_system:Skipping extension 'colcon_notification.desktop_notification.win32': Not used on non-Windows systems
[13.329s] INFO:colcon.colcon_notification.desktop_notification:Sending desktop notification using 'notify2'
[13.347s] DEBUG:colcon.colcon_core.event_reactor:joined thread
[13.355s] INFO:colcon.colcon_core.shell:Creating prefix script '/home/abhinav/Desktop/roboControl/install/local_setup.ps1'
[13.360s] INFO:colcon.colcon_core.shell:Creating prefix util module '/home/abhinav/Desktop/roboControl/install/_local_setup_util_ps1.py'
[13.369s] INFO:colcon.colcon_core.shell:Creating prefix chain script '/home/abhinav/Desktop/roboControl/install/setup.ps1'
[13.378s] INFO:colcon.colcon_core.shell:Creating prefix script '/home/abhinav/Desktop/roboControl/install/local_setup.sh'
[13.382s] INFO:colcon.colcon_core.shell:Creating prefix util module '/home/abhinav/Desktop/roboControl/install/_local_setup_util_sh.py'
[13.391s] INFO:colcon.colcon_core.shell:Creating prefix chain script '/home/abhinav/Desktop/roboControl/install/setup.sh'
[13.398s] INFO:colcon.colcon_core.shell:Creating prefix script '/home/abhinav/Desktop/roboControl/install/local_setup.bash'
[13.402s] INFO:colcon.colcon_core.shell:Creating prefix chain script '/home/abhinav/Desktop/roboControl/install/setup.bash'
[13.407s] INFO:colcon.colcon_core.shell:Creating prefix script '/home/abhinav/Desktop/roboControl/install/local_setup.zsh'
[13.410s] INFO:colcon.colcon_core.shell:Creating prefix chain script '/home/abhinav/Desktop/roboControl/install/setup.zsh'
