[1.407s] Invoking command in '/home/abhinav/Desktop/roboControl/src/robonex_hardware': PYTHONPATH=/home/abhinav/Desktop/roboControl/build/robonex_hardware/prefix_override:/usr/lib/python3/dist-packages/colcon_core/task/python/colcon_distutils_commands:/home/abhinav/Desktop/roboControl/install/robonex_hardware/lib/python3.12/site-packages:${PYTHONPATH} /usr/bin/python3 -W ignore:setup.py install is deprecated -W ignore:easy_install command is deprecated setup.py egg_info --egg-base ../../build/robonex_hardware build --build-base /home/abhinav/Desktop/roboControl/build/robonex_hardware/build install --record /home/abhinav/Desktop/roboControl/build/robonex_hardware/install.log --single-version-externally-managed install_data
[1.782s] running egg_info
[1.783s] creating ../../build/robonex_hardware/robonex_hardware.egg-info
[1.809s] writing ../../build/robonex_hardware/robonex_hardware.egg-info/PKG-INFO
[1.810s] writing dependency_links to ../../build/robonex_hardware/robonex_hardware.egg-info/dependency_links.txt
[1.810s] writing entry points to ../../build/robonex_hardware/robonex_hardware.egg-info/entry_points.txt
[1.811s] writing requirements to ../../build/robonex_hardware/robonex_hardware.egg-info/requires.txt
[1.811s] writing top-level names to ../../build/robonex_hardware/robonex_hardware.egg-info/top_level.txt
[1.811s] writing manifest file '../../build/robonex_hardware/robonex_hardware.egg-info/SOURCES.txt'
[1.864s] reading manifest file '../../build/robonex_hardware/robonex_hardware.egg-info/SOURCES.txt'
[1.865s] writing manifest file '../../build/robonex_hardware/robonex_hardware.egg-info/SOURCES.txt'
[1.866s] running build
[1.866s] running build_py
[1.867s] creating /home/abhinav/Desktop/roboControl/build/robonex_hardware/build
[1.867s] creating /home/abhinav/Desktop/roboControl/build/robonex_hardware/build/lib
[1.867s] creating /home/abhinav/Desktop/roboControl/build/robonex_hardware/build/lib/robonex_hardware
[1.867s] copying robonex_hardware/hardware_node.py -> /home/abhinav/Desktop/roboControl/build/robonex_hardware/build/lib/robonex_hardware
[1.867s] copying robonex_hardware/__init__.py -> /home/abhinav/Desktop/roboControl/build/robonex_hardware/build/lib/robonex_hardware
[1.867s] running install
[1.874s] running install_lib
[1.900s] creating /home/abhinav/Desktop/roboControl/install/robonex_hardware/lib/python3.12/site-packages/robonex_hardware
[1.900s] copying /home/abhinav/Desktop/roboControl/build/robonex_hardware/build/lib/robonex_hardware/hardware_node.py -> /home/abhinav/Desktop/roboControl/install/robonex_hardware/lib/python3.12/site-packages/robonex_hardware
[1.900s] copying /home/abhinav/Desktop/roboControl/build/robonex_hardware/build/lib/robonex_hardware/__init__.py -> /home/abhinav/Desktop/roboControl/install/robonex_hardware/lib/python3.12/site-packages/robonex_hardware
[1.901s] byte-compiling /home/abhinav/Desktop/roboControl/install/robonex_hardware/lib/python3.12/site-packages/robonex_hardware/hardware_node.py to hardware_node.cpython-312.pyc
[1.901s] byte-compiling /home/abhinav/Desktop/roboControl/install/robonex_hardware/lib/python3.12/site-packages/robonex_hardware/__init__.py to __init__.cpython-312.pyc
[1.902s] running install_data
[1.902s] creating /home/abhinav/Desktop/roboControl/install/robonex_hardware/share/ament_index
[1.903s] creating /home/abhinav/Desktop/roboControl/install/robonex_hardware/share/ament_index/resource_index
[1.903s] creating /home/abhinav/Desktop/roboControl/install/robonex_hardware/share/ament_index/resource_index/packages
[1.903s] copying resource/robonex_hardware -> /home/abhinav/Desktop/roboControl/install/robonex_hardware/share/ament_index/resource_index/packages
[1.903s] copying package.xml -> /home/abhinav/Desktop/roboControl/install/robonex_hardware/share/robonex_hardware
[1.905s] running install_egg_info
[1.935s] Copying ../../build/robonex_hardware/robonex_hardware.egg-info to /home/abhinav/Desktop/roboControl/install/robonex_hardware/lib/python3.12/site-packages/robonex_hardware-0.0.0-py3.12.egg-info
[1.936s] running install_scripts
[2.129s] Installing robot_hardware script to /home/abhinav/Desktop/roboControl/install/robonex_hardware/lib/robonex_hardware
[2.131s] writing list of installed files to '/home/abhinav/Desktop/roboControl/build/robonex_hardware/install.log'
[2.179s] Invoked command in '/home/abhinav/Desktop/roboControl/src/robonex_hardware' returned '0': PYTHONPATH=/home/abhinav/Desktop/roboControl/build/robonex_hardware/prefix_override:/usr/lib/python3/dist-packages/colcon_core/task/python/colcon_distutils_commands:/home/abhinav/Desktop/roboControl/install/robonex_hardware/lib/python3.12/site-packages:${PYTHONPATH} /usr/bin/python3 -W ignore:setup.py install is deprecated -W ignore:easy_install command is deprecated setup.py egg_info --egg-base ../../build/robonex_hardware build --build-base /home/abhinav/Desktop/roboControl/build/robonex_hardware/build install --record /home/abhinav/Desktop/roboControl/build/robonex_hardware/install.log --single-version-externally-managed install_data
