[2.509s] Invoking command in '/home/abhinav/Desktop/roboControl/src/robonex_ai': PYTHONPATH=/home/abhinav/Desktop/roboControl/build/robonex_ai/prefix_override:/usr/lib/python3/dist-packages/colcon_core/task/python/colcon_distutils_commands:/home/abhinav/Desktop/roboControl/install/robonex_ai/lib/python3.12/site-packages:${PYTHONPATH} /usr/bin/python3 -W ignore:setup.py install is deprecated -W ignore:easy_install command is deprecated setup.py egg_info --egg-base ../../build/robonex_ai build --build-base /home/abhinav/Desktop/roboControl/build/robonex_ai/build install --record /home/abhinav/Desktop/roboControl/build/robonex_ai/install.log --single-version-externally-managed install_data
[2.985s] running egg_info
[3.018s] writing ../../build/robonex_ai/robonex_ai.egg-info/PKG-INFO
[3.019s] writing dependency_links to ../../build/robonex_ai/robonex_ai.egg-info/dependency_links.txt
[3.021s] writing entry points to ../../build/robonex_ai/robonex_ai.egg-info/entry_points.txt
[3.021s] writing requirements to ../../build/robonex_ai/robonex_ai.egg-info/requires.txt
[3.023s] writing top-level names to ../../build/robonex_ai/robonex_ai.egg-info/top_level.txt
[3.095s] reading manifest file '../../build/robonex_ai/robonex_ai.egg-info/SOURCES.txt'
[3.097s] writing manifest file '../../build/robonex_ai/robonex_ai.egg-info/SOURCES.txt'
[3.099s] running build
[3.099s] running build_py
[3.099s] copying robonex_ai/ai_node.py -> /home/abhinav/Desktop/roboControl/build/robonex_ai/build/lib/robonex_ai
[3.099s] running install
[3.108s] running install_lib
[3.148s] copying /home/abhinav/Desktop/roboControl/build/robonex_ai/build/lib/robonex_ai/ai_node.py -> /home/abhinav/Desktop/roboControl/install/robonex_ai/lib/python3.12/site-packages/robonex_ai
[3.149s] byte-compiling /home/abhinav/Desktop/roboControl/install/robonex_ai/lib/python3.12/site-packages/robonex_ai/ai_node.py to ai_node.cpython-312.pyc
[3.151s] running install_data
[3.151s] running install_egg_info
[3.185s] removing '/home/abhinav/Desktop/roboControl/install/robonex_ai/lib/python3.12/site-packages/robonex_ai-0.0.0-py3.12.egg-info' (and everything under it)
[3.186s] Copying ../../build/robonex_ai/robonex_ai.egg-info to /home/abhinav/Desktop/roboControl/install/robonex_ai/lib/python3.12/site-packages/robonex_ai-0.0.0-py3.12.egg-info
[3.188s] running install_scripts
[3.548s] Installing ai_server script to /home/abhinav/Desktop/roboControl/install/robonex_ai/lib/robonex_ai
[3.549s] writing list of installed files to '/home/abhinav/Desktop/roboControl/build/robonex_ai/install.log'
[3.597s] Invoked command in '/home/abhinav/Desktop/roboControl/src/robonex_ai' returned '0': PYTHONPATH=/home/abhinav/Desktop/roboControl/build/robonex_ai/prefix_override:/usr/lib/python3/dist-packages/colcon_core/task/python/colcon_distutils_commands:/home/abhinav/Desktop/roboControl/install/robonex_ai/lib/python3.12/site-packages:${PYTHONPATH} /usr/bin/python3 -W ignore:setup.py install is deprecated -W ignore:easy_install command is deprecated setup.py egg_info --egg-base ../../build/robonex_ai build --build-base /home/abhinav/Desktop/roboControl/build/robonex_ai/build install --record /home/abhinav/Desktop/roboControl/build/robonex_ai/install.log --single-version-externally-managed install_data
