running egg_info
writing ../../build/robonex_ai/robonex_ai.egg-info/PKG-INFO
writing dependency_links to ../../build/robonex_ai/robonex_ai.egg-info/dependency_links.txt
writing entry points to ../../build/robonex_ai/robonex_ai.egg-info/entry_points.txt
writing requirements to ../../build/robonex_ai/robonex_ai.egg-info/requires.txt
writing top-level names to ../../build/robonex_ai/robonex_ai.egg-info/top_level.txt
reading manifest file '../../build/robonex_ai/robonex_ai.egg-info/SOURCES.txt'
writing manifest file '../../build/robonex_ai/robonex_ai.egg-info/SOURCES.txt'
running build
running build_py
copying robonex_ai/ai_node.py -> /home/abhinav/Desktop/roboControl/build/robonex_ai/build/lib/robonex_ai
running install
running install_lib
copying /home/abhinav/Desktop/roboControl/build/robonex_ai/build/lib/robonex_ai/ai_node.py -> /home/abhinav/Desktop/roboControl/install/robonex_ai/lib/python3.12/site-packages/robonex_ai
byte-compiling /home/abhinav/Desktop/roboControl/install/robonex_ai/lib/python3.12/site-packages/robonex_ai/ai_node.py to ai_node.cpython-312.pyc
running install_data
copying package.xml -> /home/abhinav/Desktop/roboControl/install/robonex_ai/share/robonex_ai
running install_egg_info
removing '/home/abhinav/Desktop/roboControl/install/robonex_ai/lib/python3.12/site-packages/robonex_ai-0.0.0-py3.12.egg-info' (and everything under it)
Copying ../../build/robonex_ai/robonex_ai.egg-info to /home/abhinav/Desktop/roboControl/install/robonex_ai/lib/python3.12/site-packages/robonex_ai-0.0.0-py3.12.egg-info
running install_scripts
Installing ai_server script to /home/abhinav/Desktop/roboControl/install/robonex_ai/lib/robonex_ai
writing list of installed files to '/home/abhinav/Desktop/roboControl/build/robonex_ai/install.log'
