[0.240s] DEBUG:colcon:Command line arguments: ['/usr/bin/colcon', 'build']
[0.240s] DEBUG:colcon:Parsed command line arguments: Namespace(log_base=None, log_level=None, verb_name='build', build_base='build', install_base='install', merge_install=False, symlink_install=False, test_result_base=None, continue_on_error=False, executor='parallel', parallel_workers=4, event_handlers=None, ignore_user_meta=False, metas=['./colcon.meta'], base_paths=['.'], packages_ignore=None, packages_ignore_regex=None, paths=None, packages_up_to=None, packages_up_to_regex=None, packages_above=None, packages_above_and_dependencies=None, packages_above_depth=None, packages_select_by_dep=None, packages_skip_by_dep=None, packages_skip_up_to=None, packages_select_build_failed=False, packages_skip_build_finished=False, packages_select_test_failures=False, packages_skip_test_passed=False, packages_select=None, packages_skip=None, packages_select_regex=None, packages_skip_regex=None, packages_start=None, packages_end=None, allow_overriding=[], cmake_args=None, cmake_target=None, cmake_target_skip_unavailable=False, cmake_clean_cache=False, cmake_clean_first=False, cmake_force_configure=False, ament_cmake_args=None, catkin_cmake_args=None, catkin_skip_building_tests=False, mixin_files=None, mixin=None, verb_parser=<colcon_mixin.mixin.mixin_argument.MixinArgumentDecorator object at 0x7f2988d7cf20>, verb_extension=<colcon_core.verb.build.BuildVerb object at 0x7f2988da4050>, main=<bound method BuildVerb.main of <colcon_core.verb.build.BuildVerb object at 0x7f2988da4050>>, mixin_verb=('build',))
[0.282s] Level 1:colcon.colcon_core.package_discovery:discover_packages(colcon_meta) check parameters
[0.282s] Level 1:colcon.colcon_core.package_discovery:discover_packages(recursive) check parameters
[0.283s] Level 1:colcon.colcon_core.package_discovery:discover_packages(ignore) check parameters
[0.283s] Level 1:colcon.colcon_core.package_discovery:discover_packages(path) check parameters
[0.283s] Level 1:colcon.colcon_core.package_discovery:discover_packages(colcon_meta) discover
[0.283s] Level 1:colcon.colcon_core.package_discovery:discover_packages(recursive) discover
[0.283s] INFO:colcon.colcon_core.package_discovery:Crawling recursively for packages in '/home/abhinav/Desktop/roboControl'
[0.283s] Level 1:colcon.colcon_core.package_identification:_identify(.) by extensions ['ignore', 'ignore_ament_install']
[0.283s] Level 1:colcon.colcon_core.package_identification:_identify(.) by extension 'ignore'
[0.283s] Level 1:colcon.colcon_core.package_identification:_identify(.) by extension 'ignore_ament_install'
[0.283s] Level 1:colcon.colcon_core.package_identification:_identify(.) by extensions ['colcon_pkg']
[0.283s] Level 1:colcon.colcon_core.package_identification:_identify(.) by extension 'colcon_pkg'
[0.283s] Level 1:colcon.colcon_core.package_identification:_identify(.) by extensions ['colcon_meta']
[0.283s] Level 1:colcon.colcon_core.package_identification:_identify(.) by extension 'colcon_meta'
[0.283s] Level 1:colcon.colcon_core.package_identification:_identify(.) by extensions ['ros']
[0.283s] Level 1:colcon.colcon_core.package_identification:_identify(.) by extension 'ros'
[0.312s] Level 1:colcon.colcon_core.package_identification:_identify(.) by extensions ['cmake', 'python']
[0.312s] Level 1:colcon.colcon_core.package_identification:_identify(.) by extension 'cmake'
[0.312s] Level 1:colcon.colcon_core.package_identification:_identify(.) by extension 'python'
[0.312s] Level 1:colcon.colcon_core.package_identification:_identify(.) by extensions ['python_setup_py']
[0.312s] Level 1:colcon.colcon_core.package_identification:_identify(.) by extension 'python_setup_py'
[0.312s] Level 1:colcon.colcon_core.package_identification:_identify(build) by extensions ['ignore', 'ignore_ament_install']
[0.312s] Level 1:colcon.colcon_core.package_identification:_identify(build) by extension 'ignore'
[0.312s] Level 1:colcon.colcon_core.package_identification:_identify(build) ignored
[0.312s] Level 1:colcon.colcon_core.package_identification:_identify(install) by extensions ['ignore', 'ignore_ament_install']
[0.312s] Level 1:colcon.colcon_core.package_identification:_identify(install) by extension 'ignore'
[0.312s] Level 1:colcon.colcon_core.package_identification:_identify(install) ignored
[0.313s] Level 1:colcon.colcon_core.package_identification:_identify(log) by extensions ['ignore', 'ignore_ament_install']
[0.313s] Level 1:colcon.colcon_core.package_identification:_identify(log) by extension 'ignore'
[0.313s] Level 1:colcon.colcon_core.package_identification:_identify(log) ignored
[0.313s] Level 1:colcon.colcon_core.package_identification:_identify(src) by extensions ['ignore', 'ignore_ament_install']
[0.313s] Level 1:colcon.colcon_core.package_identification:_identify(src) by extension 'ignore'
[0.313s] Level 1:colcon.colcon_core.package_identification:_identify(src) by extension 'ignore_ament_install'
[0.313s] Level 1:colcon.colcon_core.package_identification:_identify(src) by extensions ['colcon_pkg']
[0.313s] Level 1:colcon.colcon_core.package_identification:_identify(src) by extension 'colcon_pkg'
[0.313s] Level 1:colcon.colcon_core.package_identification:_identify(src) by extensions ['colcon_meta']
[0.313s] Level 1:colcon.colcon_core.package_identification:_identify(src) by extension 'colcon_meta'
[0.313s] Level 1:colcon.colcon_core.package_identification:_identify(src) by extensions ['ros']
[0.313s] Level 1:colcon.colcon_core.package_identification:_identify(src) by extension 'ros'
[0.313s] Level 1:colcon.colcon_core.package_identification:_identify(src) by extensions ['cmake', 'python']
[0.313s] Level 1:colcon.colcon_core.package_identification:_identify(src) by extension 'cmake'
[0.313s] Level 1:colcon.colcon_core.package_identification:_identify(src) by extension 'python'
[0.313s] Level 1:colcon.colcon_core.package_identification:_identify(src) by extensions ['python_setup_py']
[0.313s] Level 1:colcon.colcon_core.package_identification:_identify(src) by extension 'python_setup_py'
[0.314s] Level 1:colcon.colcon_core.package_identification:_identify(src/robonex_ai) by extensions ['ignore', 'ignore_ament_install']
[0.314s] Level 1:colcon.colcon_core.package_identification:_identify(src/robonex_ai) by extension 'ignore'
[0.314s] Level 1:colcon.colcon_core.package_identification:_identify(src/robonex_ai) by extension 'ignore_ament_install'
[0.314s] Level 1:colcon.colcon_core.package_identification:_identify(src/robonex_ai) by extensions ['colcon_pkg']
[0.314s] Level 1:colcon.colcon_core.package_identification:_identify(src/robonex_ai) by extension 'colcon_pkg'
[0.314s] Level 1:colcon.colcon_core.package_identification:_identify(src/robonex_ai) by extensions ['colcon_meta']
[0.314s] Level 1:colcon.colcon_core.package_identification:_identify(src/robonex_ai) by extension 'colcon_meta'
[0.314s] Level 1:colcon.colcon_core.package_identification:_identify(src/robonex_ai) by extensions ['ros']
[0.314s] Level 1:colcon.colcon_core.package_identification:_identify(src/robonex_ai) by extension 'ros'
[0.317s] DEBUG:colcon.colcon_core.package_identification:Package 'src/robonex_ai' with type 'ros.ament_python' and name 'robonex_ai'
[0.318s] Level 1:colcon.colcon_core.package_identification:_identify(src/robonex_hardware) by extensions ['ignore', 'ignore_ament_install']
[0.318s] Level 1:colcon.colcon_core.package_identification:_identify(src/robonex_hardware) by extension 'ignore'
[0.318s] Level 1:colcon.colcon_core.package_identification:_identify(src/robonex_hardware) by extension 'ignore_ament_install'
[0.318s] Level 1:colcon.colcon_core.package_identification:_identify(src/robonex_hardware) by extensions ['colcon_pkg']
[0.318s] Level 1:colcon.colcon_core.package_identification:_identify(src/robonex_hardware) by extension 'colcon_pkg'
[0.318s] Level 1:colcon.colcon_core.package_identification:_identify(src/robonex_hardware) by extensions ['colcon_meta']
[0.318s] Level 1:colcon.colcon_core.package_identification:_identify(src/robonex_hardware) by extension 'colcon_meta'
[0.318s] Level 1:colcon.colcon_core.package_identification:_identify(src/robonex_hardware) by extensions ['ros']
[0.318s] Level 1:colcon.colcon_core.package_identification:_identify(src/robonex_hardware) by extension 'ros'
[0.319s] DEBUG:colcon.colcon_core.package_identification:Package 'src/robonex_hardware' with type 'ros.ament_python' and name 'robonex_hardware'
[0.319s] Level 1:colcon.colcon_core.package_discovery:discover_packages(recursive) using defaults
[0.319s] Level 1:colcon.colcon_core.package_discovery:discover_packages(ignore) discover
[0.319s] Level 1:colcon.colcon_core.package_discovery:discover_packages(ignore) using defaults
[0.319s] Level 1:colcon.colcon_core.package_discovery:discover_packages(path) discover
[0.319s] Level 1:colcon.colcon_core.package_discovery:discover_packages(path) using defaults
[0.339s] Level 1:colcon.colcon_core.package_discovery:discover_packages(prefix_path) check parameters
[0.339s] Level 1:colcon.colcon_core.package_discovery:discover_packages(prefix_path) discover
[0.341s] DEBUG:colcon.colcon_installed_package_information.package_discovery:Found 2 installed packages in /home/abhinav/Desktop/roboControl/install
[0.343s] DEBUG:colcon.colcon_installed_package_information.package_discovery:Found 286 installed packages in /opt/ros/jazzy
[0.344s] Level 1:colcon.colcon_core.package_discovery:discover_packages(prefix_path) using defaults
[0.393s] Level 5:colcon.colcon_core.verb:set package 'robonex_ai' build argument 'cmake_args' from command line to 'None'
[0.393s] Level 5:colcon.colcon_core.verb:set package 'robonex_ai' build argument 'cmake_target' from command line to 'None'
[0.393s] Level 5:colcon.colcon_core.verb:set package 'robonex_ai' build argument 'cmake_target_skip_unavailable' from command line to 'False'
[0.393s] Level 5:colcon.colcon_core.verb:set package 'robonex_ai' build argument 'cmake_clean_cache' from command line to 'False'
[0.393s] Level 5:colcon.colcon_core.verb:set package 'robonex_ai' build argument 'cmake_clean_first' from command line to 'False'
[0.393s] Level 5:colcon.colcon_core.verb:set package 'robonex_ai' build argument 'cmake_force_configure' from command line to 'False'
[0.393s] Level 5:colcon.colcon_core.verb:set package 'robonex_ai' build argument 'ament_cmake_args' from command line to 'None'
[0.393s] Level 5:colcon.colcon_core.verb:set package 'robonex_ai' build argument 'catkin_cmake_args' from command line to 'None'
[0.393s] Level 5:colcon.colcon_core.verb:set package 'robonex_ai' build argument 'catkin_skip_building_tests' from command line to 'False'
[0.393s] DEBUG:colcon.colcon_core.verb:Building package 'robonex_ai' with the following arguments: {'ament_cmake_args': None, 'build_base': '/home/abhinav/Desktop/roboControl/build/robonex_ai', 'catkin_cmake_args': None, 'catkin_skip_building_tests': False, 'cmake_args': None, 'cmake_clean_cache': False, 'cmake_clean_first': False, 'cmake_force_configure': False, 'cmake_target': None, 'cmake_target_skip_unavailable': False, 'install_base': '/home/abhinav/Desktop/roboControl/install/robonex_ai', 'merge_install': False, 'path': '/home/abhinav/Desktop/roboControl/src/robonex_ai', 'symlink_install': False, 'test_result_base': None}
[0.393s] Level 5:colcon.colcon_core.verb:set package 'robonex_hardware' build argument 'cmake_args' from command line to 'None'
[0.393s] Level 5:colcon.colcon_core.verb:set package 'robonex_hardware' build argument 'cmake_target' from command line to 'None'
[0.394s] Level 5:colcon.colcon_core.verb:set package 'robonex_hardware' build argument 'cmake_target_skip_unavailable' from command line to 'False'
[0.394s] Level 5:colcon.colcon_core.verb:set package 'robonex_hardware' build argument 'cmake_clean_cache' from command line to 'False'
[0.394s] Level 5:colcon.colcon_core.verb:set package 'robonex_hardware' build argument 'cmake_clean_first' from command line to 'False'
[0.394s] Level 5:colcon.colcon_core.verb:set package 'robonex_hardware' build argument 'cmake_force_configure' from command line to 'False'
[0.394s] Level 5:colcon.colcon_core.verb:set package 'robonex_hardware' build argument 'ament_cmake_args' from command line to 'None'
[0.394s] Level 5:colcon.colcon_core.verb:set package 'robonex_hardware' build argument 'catkin_cmake_args' from command line to 'None'
[0.394s] Level 5:colcon.colcon_core.verb:set package 'robonex_hardware' build argument 'catkin_skip_building_tests' from command line to 'False'
[0.394s] DEBUG:colcon.colcon_core.verb:Building package 'robonex_hardware' with the following arguments: {'ament_cmake_args': None, 'build_base': '/home/abhinav/Desktop/roboControl/build/robonex_hardware', 'catkin_cmake_args': None, 'catkin_skip_building_tests': False, 'cmake_args': None, 'cmake_clean_cache': False, 'cmake_clean_first': False, 'cmake_force_configure': False, 'cmake_target': None, 'cmake_target_skip_unavailable': False, 'install_base': '/home/abhinav/Desktop/roboControl/install/robonex_hardware', 'merge_install': False, 'path': '/home/abhinav/Desktop/roboControl/src/robonex_hardware', 'symlink_install': False, 'test_result_base': None}
[0.394s] INFO:colcon.colcon_core.executor:Executing jobs using 'parallel' executor
[0.395s] DEBUG:colcon.colcon_parallel_executor.executor.parallel:run_until_complete
[0.395s] INFO:colcon.colcon_ros.task.ament_python.build:Building ROS package in '/home/abhinav/Desktop/roboControl/src/robonex_ai' with build type 'ament_python'
[0.395s] Level 1:colcon.colcon_core.shell:create_environment_hook('robonex_ai', 'ament_prefix_path')
[0.398s] INFO:colcon.colcon_core.plugin_system:Skipping extension 'colcon_core.shell.bat': Not used on non-Windows systems
[0.398s] INFO:colcon.colcon_core.shell:Creating environment hook '/home/abhinav/Desktop/roboControl/install/robonex_ai/share/robonex_ai/hook/ament_prefix_path.ps1'
[0.399s] INFO:colcon.colcon_core.shell:Creating environment descriptor '/home/abhinav/Desktop/roboControl/install/robonex_ai/share/robonex_ai/hook/ament_prefix_path.dsv'
[0.399s] INFO:colcon.colcon_core.shell:Creating environment hook '/home/abhinav/Desktop/roboControl/install/robonex_ai/share/robonex_ai/hook/ament_prefix_path.sh'
[0.400s] INFO:colcon.colcon_core.shell:Skip shell extension 'powershell' for command environment: Not usable outside of PowerShell
[0.400s] DEBUG:colcon.colcon_core.shell:Skip shell extension 'dsv' for command environment
[0.405s] INFO:colcon.colcon_ros.task.ament_python.build:Building ROS package in '/home/abhinav/Desktop/roboControl/src/robonex_hardware' with build type 'ament_python'
[0.405s] Level 1:colcon.colcon_core.shell:create_environment_hook('robonex_hardware', 'ament_prefix_path')
[0.405s] INFO:colcon.colcon_core.shell:Creating environment hook '/home/abhinav/Desktop/roboControl/install/robonex_hardware/share/robonex_hardware/hook/ament_prefix_path.ps1'
[0.407s] INFO:colcon.colcon_core.shell:Creating environment descriptor '/home/abhinav/Desktop/roboControl/install/robonex_hardware/share/robonex_hardware/hook/ament_prefix_path.dsv'
[0.408s] INFO:colcon.colcon_core.shell:Creating environment hook '/home/abhinav/Desktop/roboControl/install/robonex_hardware/share/robonex_hardware/hook/ament_prefix_path.sh'
[0.409s] INFO:colcon.colcon_core.shell:Skip shell extension 'powershell' for command environment: Not usable outside of PowerShell
[0.409s] DEBUG:colcon.colcon_core.shell:Skip shell extension 'dsv' for command environment
[0.731s] INFO:colcon.colcon_core.task.python.build:Building Python package in '/home/abhinav/Desktop/roboControl/src/robonex_ai'
[0.731s] INFO:colcon.colcon_core.shell:Skip shell extension 'powershell' for command environment: Not usable outside of PowerShell
[0.731s] DEBUG:colcon.colcon_core.shell:Skip shell extension 'dsv' for command environment
[1.026s] INFO:colcon.colcon_core.task.python.build:Building Python package in '/home/abhinav/Desktop/roboControl/src/robonex_hardware'
[1.027s] INFO:colcon.colcon_core.shell:Skip shell extension 'powershell' for command environment: Not usable outside of PowerShell
[1.027s] DEBUG:colcon.colcon_core.shell:Skip shell extension 'dsv' for command environment
[1.807s] DEBUG:colcon.colcon_core.event_handler.log_command:Invoking command in '/home/abhinav/Desktop/roboControl/src/robonex_ai': PYTHONPATH=/home/abhinav/Desktop/roboControl/build/robonex_ai/prefix_override:/usr/lib/python3/dist-packages/colcon_core/task/python/colcon_distutils_commands:/home/abhinav/Desktop/roboControl/install/robonex_ai/lib/python3.12/site-packages:${PYTHONPATH} /usr/bin/python3 -W ignore:setup.py install is deprecated -W ignore:easy_install command is deprecated setup.py egg_info --egg-base ../../build/robonex_ai build --build-base /home/abhinav/Desktop/roboControl/build/robonex_ai/build install --record /home/abhinav/Desktop/roboControl/build/robonex_ai/install.log --single-version-externally-managed install_data
[1.851s] DEBUG:colcon.colcon_core.event_handler.log_command:Invoking command in '/home/abhinav/Desktop/roboControl/src/robonex_hardware': PYTHONPATH=/home/abhinav/Desktop/roboControl/build/robonex_hardware/prefix_override:/usr/lib/python3/dist-packages/colcon_core/task/python/colcon_distutils_commands:/home/abhinav/Desktop/roboControl/install/robonex_hardware/lib/python3.12/site-packages:${PYTHONPATH} /usr/bin/python3 -W ignore:setup.py install is deprecated -W ignore:easy_install command is deprecated setup.py egg_info --egg-base ../../build/robonex_hardware build --build-base /home/abhinav/Desktop/roboControl/build/robonex_hardware/build install --record /home/abhinav/Desktop/roboControl/build/robonex_hardware/install.log --single-version-externally-managed install_data
[2.617s] DEBUG:colcon.colcon_core.event_handler.log_command:Invoked command in '/home/abhinav/Desktop/roboControl/src/robonex_ai' returned '0': PYTHONPATH=/home/abhinav/Desktop/roboControl/build/robonex_ai/prefix_override:/usr/lib/python3/dist-packages/colcon_core/task/python/colcon_distutils_commands:/home/abhinav/Desktop/roboControl/install/robonex_ai/lib/python3.12/site-packages:${PYTHONPATH} /usr/bin/python3 -W ignore:setup.py install is deprecated -W ignore:easy_install command is deprecated setup.py egg_info --egg-base ../../build/robonex_ai build --build-base /home/abhinav/Desktop/roboControl/build/robonex_ai/build install --record /home/abhinav/Desktop/roboControl/build/robonex_ai/install.log --single-version-externally-managed install_data
[2.621s] Level 1:colcon.colcon_core.environment:checking '/home/abhinav/Desktop/roboControl/install/robonex_ai' for CMake module files
[2.622s] Level 1:colcon.colcon_core.environment:checking '/home/abhinav/Desktop/roboControl/install/robonex_ai' for CMake config files
[2.624s] Level 1:colcon.colcon_core.environment:checking '/home/abhinav/Desktop/roboControl/install/robonex_ai/lib'
[2.624s] Level 1:colcon.colcon_core.environment:checking '/home/abhinav/Desktop/roboControl/install/robonex_ai/bin'
[2.624s] Level 1:colcon.colcon_core.environment:checking '/home/abhinav/Desktop/roboControl/install/robonex_ai/lib/pkgconfig/robonex_ai.pc'
[2.625s] Level 1:colcon.colcon_core.environment:checking '/home/abhinav/Desktop/roboControl/install/robonex_ai/lib/python3.12/site-packages'
[2.625s] Level 1:colcon.colcon_core.shell:create_environment_hook('robonex_ai', 'pythonpath')
[2.625s] INFO:colcon.colcon_core.shell:Creating environment hook '/home/abhinav/Desktop/roboControl/install/robonex_ai/share/robonex_ai/hook/pythonpath.ps1'
[2.626s] INFO:colcon.colcon_core.shell:Creating environment descriptor '/home/abhinav/Desktop/roboControl/install/robonex_ai/share/robonex_ai/hook/pythonpath.dsv'
[2.627s] INFO:colcon.colcon_core.shell:Creating environment hook '/home/abhinav/Desktop/roboControl/install/robonex_ai/share/robonex_ai/hook/pythonpath.sh'
[2.629s] Level 1:colcon.colcon_core.environment:checking '/home/abhinav/Desktop/roboControl/install/robonex_ai/bin'
[2.629s] Level 1:colcon.colcon_core.environment:create_environment_scripts_only(robonex_ai)
[2.630s] INFO:colcon.colcon_core.shell:Creating package script '/home/abhinav/Desktop/roboControl/install/robonex_ai/share/robonex_ai/package.ps1'
[2.631s] INFO:colcon.colcon_core.shell:Creating package descriptor '/home/abhinav/Desktop/roboControl/install/robonex_ai/share/robonex_ai/package.dsv'
[2.633s] INFO:colcon.colcon_core.shell:Creating package script '/home/abhinav/Desktop/roboControl/install/robonex_ai/share/robonex_ai/package.sh'
[2.634s] INFO:colcon.colcon_core.shell:Creating package script '/home/abhinav/Desktop/roboControl/install/robonex_ai/share/robonex_ai/package.bash'
[2.635s] INFO:colcon.colcon_core.shell:Creating package script '/home/abhinav/Desktop/roboControl/install/robonex_ai/share/robonex_ai/package.zsh'
[2.636s] Level 1:colcon.colcon_core.environment:create_file_with_runtime_dependencies(/home/abhinav/Desktop/roboControl/install/robonex_ai/share/colcon-core/packages/robonex_ai)
[2.638s] Level 1:colcon.colcon_core.environment:checking '/home/abhinav/Desktop/roboControl/install/robonex_hardware' for CMake module files
[2.639s] DEBUG:colcon.colcon_core.event_handler.log_command:Invoked command in '/home/abhinav/Desktop/roboControl/src/robonex_hardware' returned '0': PYTHONPATH=/home/abhinav/Desktop/roboControl/build/robonex_hardware/prefix_override:/usr/lib/python3/dist-packages/colcon_core/task/python/colcon_distutils_commands:/home/abhinav/Desktop/roboControl/install/robonex_hardware/lib/python3.12/site-packages:${PYTHONPATH} /usr/bin/python3 -W ignore:setup.py install is deprecated -W ignore:easy_install command is deprecated setup.py egg_info --egg-base ../../build/robonex_hardware build --build-base /home/abhinav/Desktop/roboControl/build/robonex_hardware/build install --record /home/abhinav/Desktop/roboControl/build/robonex_hardware/install.log --single-version-externally-managed install_data
[2.640s] Level 1:colcon.colcon_core.environment:checking '/home/abhinav/Desktop/roboControl/install/robonex_hardware' for CMake config files
[2.641s] Level 1:colcon.colcon_core.environment:checking '/home/abhinav/Desktop/roboControl/install/robonex_hardware/lib'
[2.641s] Level 1:colcon.colcon_core.environment:checking '/home/abhinav/Desktop/roboControl/install/robonex_hardware/bin'
[2.641s] Level 1:colcon.colcon_core.environment:checking '/home/abhinav/Desktop/roboControl/install/robonex_hardware/lib/pkgconfig/robonex_hardware.pc'
[2.642s] Level 1:colcon.colcon_core.environment:checking '/home/abhinav/Desktop/roboControl/install/robonex_hardware/lib/python3.12/site-packages'
[2.642s] Level 1:colcon.colcon_core.shell:create_environment_hook('robonex_hardware', 'pythonpath')
[2.642s] INFO:colcon.colcon_core.shell:Creating environment hook '/home/abhinav/Desktop/roboControl/install/robonex_hardware/share/robonex_hardware/hook/pythonpath.ps1'
[2.643s] INFO:colcon.colcon_core.shell:Creating environment descriptor '/home/abhinav/Desktop/roboControl/install/robonex_hardware/share/robonex_hardware/hook/pythonpath.dsv'
[2.644s] INFO:colcon.colcon_core.shell:Creating environment hook '/home/abhinav/Desktop/roboControl/install/robonex_hardware/share/robonex_hardware/hook/pythonpath.sh'
[2.646s] Level 1:colcon.colcon_core.environment:checking '/home/abhinav/Desktop/roboControl/install/robonex_hardware/bin'
[2.646s] Level 1:colcon.colcon_core.environment:create_environment_scripts_only(robonex_hardware)
[2.646s] INFO:colcon.colcon_core.shell:Creating package script '/home/abhinav/Desktop/roboControl/install/robonex_hardware/share/robonex_hardware/package.ps1'
[2.647s] INFO:colcon.colcon_core.shell:Creating package descriptor '/home/abhinav/Desktop/roboControl/install/robonex_hardware/share/robonex_hardware/package.dsv'
[2.648s] INFO:colcon.colcon_core.shell:Creating package script '/home/abhinav/Desktop/roboControl/install/robonex_hardware/share/robonex_hardware/package.sh'
[2.649s] INFO:colcon.colcon_core.shell:Creating package script '/home/abhinav/Desktop/roboControl/install/robonex_hardware/share/robonex_hardware/package.bash'
[2.650s] INFO:colcon.colcon_core.shell:Creating package script '/home/abhinav/Desktop/roboControl/install/robonex_hardware/share/robonex_hardware/package.zsh'
[2.650s] Level 1:colcon.colcon_core.environment:create_file_with_runtime_dependencies(/home/abhinav/Desktop/roboControl/install/robonex_hardware/share/colcon-core/packages/robonex_hardware)
[2.651s] DEBUG:colcon.colcon_parallel_executor.executor.parallel:closing loop
[2.651s] DEBUG:colcon.colcon_parallel_executor.executor.parallel:loop closed
[2.651s] DEBUG:colcon.colcon_parallel_executor.executor.parallel:run_until_complete finished with '0'
[2.652s] DEBUG:colcon.colcon_core.event_reactor:joining thread
[2.664s] INFO:colcon.colcon_core.plugin_system:Skipping extension 'colcon_notification.desktop_notification.notify_send': Could not find 'notify-send'
[2.664s] INFO:colcon.colcon_core.plugin_system:Skipping extension 'colcon_notification.desktop_notification.terminal_notifier': Not used on non-Darwin systems
[2.664s] INFO:colcon.colcon_core.plugin_system:Skipping extension 'colcon_notification.desktop_notification.win32': Not used on non-Windows systems
[2.664s] INFO:colcon.colcon_notification.desktop_notification:Sending desktop notification using 'notify2'
[2.668s] DEBUG:colcon.colcon_core.event_reactor:joined thread
[2.669s] INFO:colcon.colcon_core.shell:Creating prefix script '/home/abhinav/Desktop/roboControl/install/local_setup.ps1'
[2.671s] INFO:colcon.colcon_core.shell:Creating prefix util module '/home/abhinav/Desktop/roboControl/install/_local_setup_util_ps1.py'
[2.672s] INFO:colcon.colcon_core.shell:Creating prefix chain script '/home/abhinav/Desktop/roboControl/install/setup.ps1'
[2.674s] INFO:colcon.colcon_core.shell:Creating prefix script '/home/abhinav/Desktop/roboControl/install/local_setup.sh'
[2.675s] INFO:colcon.colcon_core.shell:Creating prefix util module '/home/abhinav/Desktop/roboControl/install/_local_setup_util_sh.py'
[2.676s] INFO:colcon.colcon_core.shell:Creating prefix chain script '/home/abhinav/Desktop/roboControl/install/setup.sh'
[2.678s] INFO:colcon.colcon_core.shell:Creating prefix script '/home/abhinav/Desktop/roboControl/install/local_setup.bash'
[2.679s] INFO:colcon.colcon_core.shell:Creating prefix chain script '/home/abhinav/Desktop/roboControl/install/setup.bash'
[2.681s] INFO:colcon.colcon_core.shell:Creating prefix script '/home/abhinav/Desktop/roboControl/install/local_setup.zsh'
[2.682s] INFO:colcon.colcon_core.shell:Creating prefix chain script '/home/abhinav/Desktop/roboControl/install/setup.zsh'
