[1.447s] Invoking command in '/home/abhinav/Desktop/roboControl/src/robonex_hardware': PYTHONPATH=/home/abhinav/Desktop/roboControl/build/robonex_hardware/prefix_override:/usr/lib/python3/dist-packages/colcon_core/task/python/colcon_distutils_commands:/home/abhinav/Desktop/roboControl/install/robonex_hardware/lib/python3.12/site-packages:${PYTHONPATH} /usr/bin/python3 -W ignore:setup.py install is deprecated -W ignore:easy_install command is deprecated setup.py egg_info --egg-base ../../build/robonex_hardware build --build-base /home/abhinav/Desktop/roboControl/build/robonex_hardware/build install --record /home/abhinav/Desktop/roboControl/build/robonex_hardware/install.log --single-version-externally-managed install_data
[1.837s] running egg_info
[1.867s] writing ../../build/robonex_hardware/robonex_hardware.egg-info/PKG-INFO
[1.870s] writing dependency_links to ../../build/robonex_hardware/robonex_hardware.egg-info/dependency_links.txt
[1.870s] writing entry points to ../../build/robonex_hardware/robonex_hardware.egg-info/entry_points.txt
[1.870s] writing requirements to ../../build/robonex_hardware/robonex_hardware.egg-info/requires.txt
[1.870s] writing top-level names to ../../build/robonex_hardware/robonex_hardware.egg-info/top_level.txt
[1.929s] reading manifest file '../../build/robonex_hardware/robonex_hardware.egg-info/SOURCES.txt'
[1.930s] writing manifest file '../../build/robonex_hardware/robonex_hardware.egg-info/SOURCES.txt'
[1.930s] running build
[1.930s] running build_py
[1.930s] running install
[1.937s] running install_lib
[1.965s] running install_data
[1.965s] running install_egg_info
[1.992s] removing '/home/abhinav/Desktop/roboControl/install/robonex_hardware/lib/python3.12/site-packages/robonex_hardware-0.0.0-py3.12.egg-info' (and everything under it)
[1.993s] Copying ../../build/robonex_hardware/robonex_hardware.egg-info to /home/abhinav/Desktop/roboControl/install/robonex_hardware/lib/python3.12/site-packages/robonex_hardware-0.0.0-py3.12.egg-info
[1.994s] running install_scripts
[2.194s] Installing robot_hardware script to /home/abhinav/Desktop/roboControl/install/robonex_hardware/lib/robonex_hardware
[2.195s] writing list of installed files to '/home/abhinav/Desktop/roboControl/build/robonex_hardware/install.log'
[2.246s] Invoked command in '/home/abhinav/Desktop/roboControl/src/robonex_hardware' returned '0': PYTHONPATH=/home/abhinav/Desktop/roboControl/build/robonex_hardware/prefix_override:/usr/lib/python3/dist-packages/colcon_core/task/python/colcon_distutils_commands:/home/abhinav/Desktop/roboControl/install/robonex_hardware/lib/python3.12/site-packages:${PYTHONPATH} /usr/bin/python3 -W ignore:setup.py install is deprecated -W ignore:easy_install command is deprecated setup.py egg_info --egg-base ../../build/robonex_hardware build --build-base /home/abhinav/Desktop/roboControl/build/robonex_hardware/build install --record /home/abhinav/Desktop/roboControl/build/robonex_hardware/install.log --single-version-externally-managed install_data
