[0.208s] DEBUG:colcon:Command line arguments: ['/usr/bin/colcon', 'build']
[0.208s] DEBUG:colcon:Parsed command line arguments: Namespace(log_base=None, log_level=None, verb_name='build', build_base='build', install_base='install', merge_install=False, symlink_install=False, test_result_base=None, continue_on_error=False, executor='parallel', parallel_workers=4, event_handlers=None, ignore_user_meta=False, metas=['./colcon.meta'], base_paths=['.'], packages_ignore=None, packages_ignore_regex=None, paths=None, packages_up_to=None, packages_up_to_regex=None, packages_above=None, packages_above_and_dependencies=None, packages_above_depth=None, packages_select_by_dep=None, packages_skip_by_dep=None, packages_skip_up_to=None, packages_select_build_failed=False, packages_skip_build_finished=False, packages_select_test_failures=False, packages_skip_test_passed=False, packages_select=None, packages_skip=None, packages_select_regex=None, packages_skip_regex=None, packages_start=None, packages_end=None, allow_overriding=[], cmake_args=None, cmake_target=None, cmake_target_skip_unavailable=False, cmake_clean_cache=False, cmake_clean_first=False, cmake_force_configure=False, ament_cmake_args=None, catkin_cmake_args=None, catkin_skip_building_tests=False, mixin_files=None, mixin=None, verb_parser=<colcon_mixin.mixin.mixin_argument.MixinArgumentDecorator object at 0x75422a69cb30>, verb_extension=<colcon_core.verb.build.BuildVerb object at 0x75422a69c860>, main=<bound method BuildVerb.main of <colcon_core.verb.build.BuildVerb object at 0x75422a69c860>>, mixin_verb=('build',))
[0.254s] Level 1:colcon.colcon_core.package_discovery:discover_packages(colcon_meta) check parameters
[0.254s] Level 1:colcon.colcon_core.package_discovery:discover_packages(recursive) check parameters
[0.254s] Level 1:colcon.colcon_core.package_discovery:discover_packages(ignore) check parameters
[0.254s] Level 1:colcon.colcon_core.package_discovery:discover_packages(path) check parameters
[0.254s] Level 1:colcon.colcon_core.package_discovery:discover_packages(colcon_meta) discover
[0.254s] Level 1:colcon.colcon_core.package_discovery:discover_packages(recursive) discover
[0.254s] INFO:colcon.colcon_core.package_discovery:Crawling recursively for packages in '/home/abhinav/Desktop/roboControl'
[0.255s] Level 1:colcon.colcon_core.package_identification:_identify(.) by extensions ['ignore', 'ignore_ament_install']
[0.255s] Level 1:colcon.colcon_core.package_identification:_identify(.) by extension 'ignore'
[0.255s] Level 1:colcon.colcon_core.package_identification:_identify(.) by extension 'ignore_ament_install'
[0.255s] Level 1:colcon.colcon_core.package_identification:_identify(.) by extensions ['colcon_pkg']
[0.255s] Level 1:colcon.colcon_core.package_identification:_identify(.) by extension 'colcon_pkg'
[0.255s] Level 1:colcon.colcon_core.package_identification:_identify(.) by extensions ['colcon_meta']
[0.255s] Level 1:colcon.colcon_core.package_identification:_identify(.) by extension 'colcon_meta'
[0.255s] Level 1:colcon.colcon_core.package_identification:_identify(.) by extensions ['ros']
[0.255s] Level 1:colcon.colcon_core.package_identification:_identify(.) by extension 'ros'
[0.286s] Level 1:colcon.colcon_core.package_identification:_identify(.) by extensions ['cmake', 'python']
[0.286s] Level 1:colcon.colcon_core.package_identification:_identify(.) by extension 'cmake'
[0.286s] Level 1:colcon.colcon_core.package_identification:_identify(.) by extension 'python'
[0.287s] Level 1:colcon.colcon_core.package_identification:_identify(.) by extensions ['python_setup_py']
[0.287s] Level 1:colcon.colcon_core.package_identification:_identify(.) by extension 'python_setup_py'
[0.287s] Level 1:colcon.colcon_core.package_identification:_identify(backup) by extensions ['ignore', 'ignore_ament_install']
[0.287s] Level 1:colcon.colcon_core.package_identification:_identify(backup) by extension 'ignore'
[0.287s] Level 1:colcon.colcon_core.package_identification:_identify(backup) by extension 'ignore_ament_install'
[0.287s] Level 1:colcon.colcon_core.package_identification:_identify(backup) by extensions ['colcon_pkg']
[0.287s] Level 1:colcon.colcon_core.package_identification:_identify(backup) by extension 'colcon_pkg'
[0.287s] Level 1:colcon.colcon_core.package_identification:_identify(backup) by extensions ['colcon_meta']
[0.287s] Level 1:colcon.colcon_core.package_identification:_identify(backup) by extension 'colcon_meta'
[0.287s] Level 1:colcon.colcon_core.package_identification:_identify(backup) by extensions ['ros']
[0.288s] Level 1:colcon.colcon_core.package_identification:_identify(backup) by extension 'ros'
[0.288s] Level 1:colcon.colcon_core.package_identification:_identify(backup) by extensions ['cmake', 'python']
[0.288s] Level 1:colcon.colcon_core.package_identification:_identify(backup) by extension 'cmake'
[0.288s] Level 1:colcon.colcon_core.package_identification:_identify(backup) by extension 'python'
[0.288s] Level 1:colcon.colcon_core.package_identification:_identify(backup) by extensions ['python_setup_py']
[0.288s] Level 1:colcon.colcon_core.package_identification:_identify(backup) by extension 'python_setup_py'
[0.288s] Level 1:colcon.colcon_core.package_identification:_identify(build) by extensions ['ignore', 'ignore_ament_install']
[0.288s] Level 1:colcon.colcon_core.package_identification:_identify(build) by extension 'ignore'
[0.288s] Level 1:colcon.colcon_core.package_identification:_identify(build) ignored
[0.289s] Level 1:colcon.colcon_core.package_identification:_identify(install) by extensions ['ignore', 'ignore_ament_install']
[0.289s] Level 1:colcon.colcon_core.package_identification:_identify(install) by extension 'ignore'
[0.289s] Level 1:colcon.colcon_core.package_identification:_identify(install) ignored
[0.289s] Level 1:colcon.colcon_core.package_identification:_identify(log) by extensions ['ignore', 'ignore_ament_install']
[0.289s] Level 1:colcon.colcon_core.package_identification:_identify(log) by extension 'ignore'
[0.289s] Level 1:colcon.colcon_core.package_identification:_identify(log) ignored
[0.289s] Level 1:colcon.colcon_core.package_identification:_identify(src) by extensions ['ignore', 'ignore_ament_install']
[0.290s] Level 1:colcon.colcon_core.package_identification:_identify(src) by extension 'ignore'
[0.290s] Level 1:colcon.colcon_core.package_identification:_identify(src) by extension 'ignore_ament_install'
[0.290s] Level 1:colcon.colcon_core.package_identification:_identify(src) by extensions ['colcon_pkg']
[0.290s] Level 1:colcon.colcon_core.package_identification:_identify(src) by extension 'colcon_pkg'
[0.290s] Level 1:colcon.colcon_core.package_identification:_identify(src) by extensions ['colcon_meta']
[0.290s] Level 1:colcon.colcon_core.package_identification:_identify(src) by extension 'colcon_meta'
[0.290s] Level 1:colcon.colcon_core.package_identification:_identify(src) by extensions ['ros']
[0.290s] Level 1:colcon.colcon_core.package_identification:_identify(src) by extension 'ros'
[0.290s] Level 1:colcon.colcon_core.package_identification:_identify(src) by extensions ['cmake', 'python']
[0.290s] Level 1:colcon.colcon_core.package_identification:_identify(src) by extension 'cmake'
[0.290s] Level 1:colcon.colcon_core.package_identification:_identify(src) by extension 'python'
[0.290s] Level 1:colcon.colcon_core.package_identification:_identify(src) by extensions ['python_setup_py']
[0.291s] Level 1:colcon.colcon_core.package_identification:_identify(src) by extension 'python_setup_py'
[0.291s] Level 1:colcon.colcon_core.package_identification:_identify(src/robonex_ai) by extensions ['ignore', 'ignore_ament_install']
[0.291s] Level 1:colcon.colcon_core.package_identification:_identify(src/robonex_ai) by extension 'ignore'
[0.291s] Level 1:colcon.colcon_core.package_identification:_identify(src/robonex_ai) by extension 'ignore_ament_install'
[0.291s] Level 1:colcon.colcon_core.package_identification:_identify(src/robonex_ai) by extensions ['colcon_pkg']
[0.291s] Level 1:colcon.colcon_core.package_identification:_identify(src/robonex_ai) by extension 'colcon_pkg'
[0.291s] Level 1:colcon.colcon_core.package_identification:_identify(src/robonex_ai) by extensions ['colcon_meta']
[0.291s] Level 1:colcon.colcon_core.package_identification:_identify(src/robonex_ai) by extension 'colcon_meta'
[0.291s] Level 1:colcon.colcon_core.package_identification:_identify(src/robonex_ai) by extensions ['ros']
[0.291s] Level 1:colcon.colcon_core.package_identification:_identify(src/robonex_ai) by extension 'ros'
[0.294s] DEBUG:colcon.colcon_core.package_identification:Package 'src/robonex_ai' with type 'ros.ament_python' and name 'robonex_ai'
[0.294s] Level 1:colcon.colcon_core.package_identification:_identify(src/robonex_hardware) by extensions ['ignore', 'ignore_ament_install']
[0.294s] Level 1:colcon.colcon_core.package_identification:_identify(src/robonex_hardware) by extension 'ignore'
[0.295s] Level 1:colcon.colcon_core.package_identification:_identify(src/robonex_hardware) by extension 'ignore_ament_install'
[0.295s] Level 1:colcon.colcon_core.package_identification:_identify(src/robonex_hardware) by extensions ['colcon_pkg']
[0.295s] Level 1:colcon.colcon_core.package_identification:_identify(src/robonex_hardware) by extension 'colcon_pkg'
[0.295s] Level 1:colcon.colcon_core.package_identification:_identify(src/robonex_hardware) by extensions ['colcon_meta']
[0.295s] Level 1:colcon.colcon_core.package_identification:_identify(src/robonex_hardware) by extension 'colcon_meta'
[0.295s] Level 1:colcon.colcon_core.package_identification:_identify(src/robonex_hardware) by extensions ['ros']
[0.295s] Level 1:colcon.colcon_core.package_identification:_identify(src/robonex_hardware) by extension 'ros'
[0.296s] DEBUG:colcon.colcon_core.package_identification:Package 'src/robonex_hardware' with type 'ros.ament_python' and name 'robonex_hardware'
[0.296s] Level 1:colcon.colcon_core.package_discovery:discover_packages(recursive) using defaults
[0.296s] Level 1:colcon.colcon_core.package_discovery:discover_packages(ignore) discover
[0.296s] Level 1:colcon.colcon_core.package_discovery:discover_packages(ignore) using defaults
[0.296s] Level 1:colcon.colcon_core.package_discovery:discover_packages(path) discover
[0.296s] Level 1:colcon.colcon_core.package_discovery:discover_packages(path) using defaults
[0.317s] Level 1:colcon.colcon_core.package_discovery:discover_packages(prefix_path) check parameters
[0.317s] Level 1:colcon.colcon_core.package_discovery:discover_packages(prefix_path) discover
[0.320s] DEBUG:colcon.colcon_installed_package_information.package_discovery:Found 2 installed packages in /home/abhinav/Desktop/roboControl/install
[0.322s] DEBUG:colcon.colcon_installed_package_information.package_discovery:Found 286 installed packages in /opt/ros/jazzy
[0.323s] Level 1:colcon.colcon_core.package_discovery:discover_packages(prefix_path) using defaults
[0.374s] Level 5:colcon.colcon_core.verb:set package 'robonex_ai' build argument 'cmake_args' from command line to 'None'
[0.374s] Level 5:colcon.colcon_core.verb:set package 'robonex_ai' build argument 'cmake_target' from command line to 'None'
[0.374s] Level 5:colcon.colcon_core.verb:set package 'robonex_ai' build argument 'cmake_target_skip_unavailable' from command line to 'False'
[0.374s] Level 5:colcon.colcon_core.verb:set package 'robonex_ai' build argument 'cmake_clean_cache' from command line to 'False'
[0.374s] Level 5:colcon.colcon_core.verb:set package 'robonex_ai' build argument 'cmake_clean_first' from command line to 'False'
[0.374s] Level 5:colcon.colcon_core.verb:set package 'robonex_ai' build argument 'cmake_force_configure' from command line to 'False'
[0.374s] Level 5:colcon.colcon_core.verb:set package 'robonex_ai' build argument 'ament_cmake_args' from command line to 'None'
[0.374s] Level 5:colcon.colcon_core.verb:set package 'robonex_ai' build argument 'catkin_cmake_args' from command line to 'None'
[0.374s] Level 5:colcon.colcon_core.verb:set package 'robonex_ai' build argument 'catkin_skip_building_tests' from command line to 'False'
[0.374s] DEBUG:colcon.colcon_core.verb:Building package 'robonex_ai' with the following arguments: {'ament_cmake_args': None, 'build_base': '/home/abhinav/Desktop/roboControl/build/robonex_ai', 'catkin_cmake_args': None, 'catkin_skip_building_tests': False, 'cmake_args': None, 'cmake_clean_cache': False, 'cmake_clean_first': False, 'cmake_force_configure': False, 'cmake_target': None, 'cmake_target_skip_unavailable': False, 'install_base': '/home/abhinav/Desktop/roboControl/install/robonex_ai', 'merge_install': False, 'path': '/home/abhinav/Desktop/roboControl/src/robonex_ai', 'symlink_install': False, 'test_result_base': None}
[0.374s] Level 5:colcon.colcon_core.verb:set package 'robonex_hardware' build argument 'cmake_args' from command line to 'None'
[0.374s] Level 5:colcon.colcon_core.verb:set package 'robonex_hardware' build argument 'cmake_target' from command line to 'None'
[0.374s] Level 5:colcon.colcon_core.verb:set package 'robonex_hardware' build argument 'cmake_target_skip_unavailable' from command line to 'False'
[0.374s] Level 5:colcon.colcon_core.verb:set package 'robonex_hardware' build argument 'cmake_clean_cache' from command line to 'False'
[0.374s] Level 5:colcon.colcon_core.verb:set package 'robonex_hardware' build argument 'cmake_clean_first' from command line to 'False'
[0.374s] Level 5:colcon.colcon_core.verb:set package 'robonex_hardware' build argument 'cmake_force_configure' from command line to 'False'
[0.374s] Level 5:colcon.colcon_core.verb:set package 'robonex_hardware' build argument 'ament_cmake_args' from command line to 'None'
[0.375s] Level 5:colcon.colcon_core.verb:set package 'robonex_hardware' build argument 'catkin_cmake_args' from command line to 'None'
[0.375s] Level 5:colcon.colcon_core.verb:set package 'robonex_hardware' build argument 'catkin_skip_building_tests' from command line to 'False'
[0.375s] DEBUG:colcon.colcon_core.verb:Building package 'robonex_hardware' with the following arguments: {'ament_cmake_args': None, 'build_base': '/home/abhinav/Desktop/roboControl/build/robonex_hardware', 'catkin_cmake_args': None, 'catkin_skip_building_tests': False, 'cmake_args': None, 'cmake_clean_cache': False, 'cmake_clean_first': False, 'cmake_force_configure': False, 'cmake_target': None, 'cmake_target_skip_unavailable': False, 'install_base': '/home/abhinav/Desktop/roboControl/install/robonex_hardware', 'merge_install': False, 'path': '/home/abhinav/Desktop/roboControl/src/robonex_hardware', 'symlink_install': False, 'test_result_base': None}
[0.375s] INFO:colcon.colcon_core.executor:Executing jobs using 'parallel' executor
[0.376s] DEBUG:colcon.colcon_parallel_executor.executor.parallel:run_until_complete
[0.376s] INFO:colcon.colcon_ros.task.ament_python.build:Building ROS package in '/home/abhinav/Desktop/roboControl/src/robonex_ai' with build type 'ament_python'
[0.376s] Level 1:colcon.colcon_core.shell:create_environment_hook('robonex_ai', 'ament_prefix_path')
[0.378s] INFO:colcon.colcon_core.plugin_system:Skipping extension 'colcon_core.shell.bat': Not used on non-Windows systems
[0.378s] INFO:colcon.colcon_core.shell:Creating environment hook '/home/abhinav/Desktop/roboControl/install/robonex_ai/share/robonex_ai/hook/ament_prefix_path.ps1'
[0.379s] INFO:colcon.colcon_core.shell:Creating environment descriptor '/home/abhinav/Desktop/roboControl/install/robonex_ai/share/robonex_ai/hook/ament_prefix_path.dsv'
[0.380s] INFO:colcon.colcon_core.shell:Creating environment hook '/home/abhinav/Desktop/roboControl/install/robonex_ai/share/robonex_ai/hook/ament_prefix_path.sh'
[0.381s] INFO:colcon.colcon_core.shell:Skip shell extension 'powershell' for command environment: Not usable outside of PowerShell
[0.381s] DEBUG:colcon.colcon_core.shell:Skip shell extension 'dsv' for command environment
[0.385s] INFO:colcon.colcon_ros.task.ament_python.build:Building ROS package in '/home/abhinav/Desktop/roboControl/src/robonex_hardware' with build type 'ament_python'
[0.386s] Level 1:colcon.colcon_core.shell:create_environment_hook('robonex_hardware', 'ament_prefix_path')
[0.386s] INFO:colcon.colcon_core.shell:Creating environment hook '/home/abhinav/Desktop/roboControl/install/robonex_hardware/share/robonex_hardware/hook/ament_prefix_path.ps1'
[0.387s] INFO:colcon.colcon_core.shell:Creating environment descriptor '/home/abhinav/Desktop/roboControl/install/robonex_hardware/share/robonex_hardware/hook/ament_prefix_path.dsv'
[0.387s] INFO:colcon.colcon_core.shell:Creating environment hook '/home/abhinav/Desktop/roboControl/install/robonex_hardware/share/robonex_hardware/hook/ament_prefix_path.sh'
[0.388s] INFO:colcon.colcon_core.shell:Skip shell extension 'powershell' for command environment: Not usable outside of PowerShell
[0.388s] DEBUG:colcon.colcon_core.shell:Skip shell extension 'dsv' for command environment
[0.691s] INFO:colcon.colcon_core.task.python.build:Building Python package in '/home/abhinav/Desktop/roboControl/src/robonex_ai'
[0.691s] INFO:colcon.colcon_core.shell:Skip shell extension 'powershell' for command environment: Not usable outside of PowerShell
[0.691s] DEBUG:colcon.colcon_core.shell:Skip shell extension 'dsv' for command environment
[0.977s] INFO:colcon.colcon_core.task.python.build:Building Python package in '/home/abhinav/Desktop/roboControl/src/robonex_hardware'
[0.977s] INFO:colcon.colcon_core.shell:Skip shell extension 'powershell' for command environment: Not usable outside of PowerShell
[0.977s] DEBUG:colcon.colcon_core.shell:Skip shell extension 'dsv' for command environment
[1.820s] DEBUG:colcon.colcon_core.event_handler.log_command:Invoking command in '/home/abhinav/Desktop/roboControl/src/robonex_ai': PYTHONPATH=/home/abhinav/Desktop/roboControl/build/robonex_ai/prefix_override:/usr/lib/python3/dist-packages/colcon_core/task/python/colcon_distutils_commands:/home/abhinav/Desktop/roboControl/install/robonex_ai/lib/python3.12/site-packages:${PYTHONPATH} /usr/bin/python3 -W ignore:setup.py install is deprecated -W ignore:easy_install command is deprecated setup.py egg_info --egg-base ../../build/robonex_ai build --build-base /home/abhinav/Desktop/roboControl/build/robonex_ai/build install --record /home/abhinav/Desktop/roboControl/build/robonex_ai/install.log --single-version-externally-managed install_data
[1.834s] DEBUG:colcon.colcon_core.event_handler.log_command:Invoking command in '/home/abhinav/Desktop/roboControl/src/robonex_hardware': PYTHONPATH=/home/abhinav/Desktop/roboControl/build/robonex_hardware/prefix_override:/usr/lib/python3/dist-packages/colcon_core/task/python/colcon_distutils_commands:/home/abhinav/Desktop/roboControl/install/robonex_hardware/lib/python3.12/site-packages:${PYTHONPATH} /usr/bin/python3 -W ignore:setup.py install is deprecated -W ignore:easy_install command is deprecated setup.py egg_info --egg-base ../../build/robonex_hardware build --build-base /home/abhinav/Desktop/roboControl/build/robonex_hardware/build install --record /home/abhinav/Desktop/roboControl/build/robonex_hardware/install.log --single-version-externally-managed install_data
[2.736s] DEBUG:colcon.colcon_core.event_handler.log_command:Invoked command in '/home/abhinav/Desktop/roboControl/src/robonex_ai' returned '0': PYTHONPATH=/home/abhinav/Desktop/roboControl/build/robonex_ai/prefix_override:/usr/lib/python3/dist-packages/colcon_core/task/python/colcon_distutils_commands:/home/abhinav/Desktop/roboControl/install/robonex_ai/lib/python3.12/site-packages:${PYTHONPATH} /usr/bin/python3 -W ignore:setup.py install is deprecated -W ignore:easy_install command is deprecated setup.py egg_info --egg-base ../../build/robonex_ai build --build-base /home/abhinav/Desktop/roboControl/build/robonex_ai/build install --record /home/abhinav/Desktop/roboControl/build/robonex_ai/install.log --single-version-externally-managed install_data
[2.739s] Level 1:colcon.colcon_core.environment:checking '/home/abhinav/Desktop/roboControl/install/robonex_ai' for CMake module files
[2.739s] Level 1:colcon.colcon_core.environment:checking '/home/abhinav/Desktop/roboControl/install/robonex_ai' for CMake config files
[2.740s] Level 1:colcon.colcon_core.environment:checking '/home/abhinav/Desktop/roboControl/install/robonex_ai/lib'
[2.740s] Level 1:colcon.colcon_core.environment:checking '/home/abhinav/Desktop/roboControl/install/robonex_ai/bin'
[2.740s] Level 1:colcon.colcon_core.environment:checking '/home/abhinav/Desktop/roboControl/install/robonex_ai/lib/pkgconfig/robonex_ai.pc'
[2.741s] Level 1:colcon.colcon_core.environment:checking '/home/abhinav/Desktop/roboControl/install/robonex_ai/lib/python3.12/site-packages'
[2.741s] Level 1:colcon.colcon_core.shell:create_environment_hook('robonex_ai', 'pythonpath')
[2.741s] INFO:colcon.colcon_core.shell:Creating environment hook '/home/abhinav/Desktop/roboControl/install/robonex_ai/share/robonex_ai/hook/pythonpath.ps1'
[2.742s] INFO:colcon.colcon_core.shell:Creating environment descriptor '/home/abhinav/Desktop/roboControl/install/robonex_ai/share/robonex_ai/hook/pythonpath.dsv'
[2.742s] INFO:colcon.colcon_core.shell:Creating environment hook '/home/abhinav/Desktop/roboControl/install/robonex_ai/share/robonex_ai/hook/pythonpath.sh'
[2.743s] Level 1:colcon.colcon_core.environment:checking '/home/abhinav/Desktop/roboControl/install/robonex_ai/bin'
[2.743s] Level 1:colcon.colcon_core.environment:create_environment_scripts_only(robonex_ai)
[2.743s] INFO:colcon.colcon_core.shell:Creating package script '/home/abhinav/Desktop/roboControl/install/robonex_ai/share/robonex_ai/package.ps1'
[2.745s] INFO:colcon.colcon_core.shell:Creating package descriptor '/home/abhinav/Desktop/roboControl/install/robonex_ai/share/robonex_ai/package.dsv'
[2.746s] INFO:colcon.colcon_core.shell:Creating package script '/home/abhinav/Desktop/roboControl/install/robonex_ai/share/robonex_ai/package.sh'
[2.747s] INFO:colcon.colcon_core.shell:Creating package script '/home/abhinav/Desktop/roboControl/install/robonex_ai/share/robonex_ai/package.bash'
[2.747s] INFO:colcon.colcon_core.shell:Creating package script '/home/abhinav/Desktop/roboControl/install/robonex_ai/share/robonex_ai/package.zsh'
[2.748s] Level 1:colcon.colcon_core.environment:create_file_with_runtime_dependencies(/home/abhinav/Desktop/roboControl/install/robonex_ai/share/colcon-core/packages/robonex_ai)
[2.799s] Level 1:colcon.colcon_core.environment:checking '/home/abhinav/Desktop/roboControl/install/robonex_hardware' for CMake module files
[2.800s] DEBUG:colcon.colcon_core.event_handler.log_command:Invoked command in '/home/abhinav/Desktop/roboControl/src/robonex_hardware' returned '0': PYTHONPATH=/home/abhinav/Desktop/roboControl/build/robonex_hardware/prefix_override:/usr/lib/python3/dist-packages/colcon_core/task/python/colcon_distutils_commands:/home/abhinav/Desktop/roboControl/install/robonex_hardware/lib/python3.12/site-packages:${PYTHONPATH} /usr/bin/python3 -W ignore:setup.py install is deprecated -W ignore:easy_install command is deprecated setup.py egg_info --egg-base ../../build/robonex_hardware build --build-base /home/abhinav/Desktop/roboControl/build/robonex_hardware/build install --record /home/abhinav/Desktop/roboControl/build/robonex_hardware/install.log --single-version-externally-managed install_data
[2.801s] Level 1:colcon.colcon_core.environment:checking '/home/abhinav/Desktop/roboControl/install/robonex_hardware' for CMake config files
[2.802s] Level 1:colcon.colcon_core.environment:checking '/home/abhinav/Desktop/roboControl/install/robonex_hardware/lib'
[2.802s] Level 1:colcon.colcon_core.environment:checking '/home/abhinav/Desktop/roboControl/install/robonex_hardware/bin'
[2.802s] Level 1:colcon.colcon_core.environment:checking '/home/abhinav/Desktop/roboControl/install/robonex_hardware/lib/pkgconfig/robonex_hardware.pc'
[2.803s] Level 1:colcon.colcon_core.environment:checking '/home/abhinav/Desktop/roboControl/install/robonex_hardware/lib/python3.12/site-packages'
[2.803s] Level 1:colcon.colcon_core.shell:create_environment_hook('robonex_hardware', 'pythonpath')
[2.804s] INFO:colcon.colcon_core.shell:Creating environment hook '/home/abhinav/Desktop/roboControl/install/robonex_hardware/share/robonex_hardware/hook/pythonpath.ps1'
[2.804s] INFO:colcon.colcon_core.shell:Creating environment descriptor '/home/abhinav/Desktop/roboControl/install/robonex_hardware/share/robonex_hardware/hook/pythonpath.dsv'
[2.805s] INFO:colcon.colcon_core.shell:Creating environment hook '/home/abhinav/Desktop/roboControl/install/robonex_hardware/share/robonex_hardware/hook/pythonpath.sh'
[2.807s] Level 1:colcon.colcon_core.environment:checking '/home/abhinav/Desktop/roboControl/install/robonex_hardware/bin'
[2.807s] Level 1:colcon.colcon_core.environment:create_environment_scripts_only(robonex_hardware)
[2.808s] INFO:colcon.colcon_core.shell:Creating package script '/home/abhinav/Desktop/roboControl/install/robonex_hardware/share/robonex_hardware/package.ps1'
[2.809s] INFO:colcon.colcon_core.shell:Creating package descriptor '/home/abhinav/Desktop/roboControl/install/robonex_hardware/share/robonex_hardware/package.dsv'
[2.811s] INFO:colcon.colcon_core.shell:Creating package script '/home/abhinav/Desktop/roboControl/install/robonex_hardware/share/robonex_hardware/package.sh'
[2.813s] INFO:colcon.colcon_core.shell:Creating package script '/home/abhinav/Desktop/roboControl/install/robonex_hardware/share/robonex_hardware/package.bash'
[2.814s] INFO:colcon.colcon_core.shell:Creating package script '/home/abhinav/Desktop/roboControl/install/robonex_hardware/share/robonex_hardware/package.zsh'
[2.815s] Level 1:colcon.colcon_core.environment:create_file_with_runtime_dependencies(/home/abhinav/Desktop/roboControl/install/robonex_hardware/share/colcon-core/packages/robonex_hardware)
[2.815s] DEBUG:colcon.colcon_parallel_executor.executor.parallel:closing loop
[2.816s] DEBUG:colcon.colcon_parallel_executor.executor.parallel:loop closed
[2.816s] DEBUG:colcon.colcon_parallel_executor.executor.parallel:run_until_complete finished with '0'
[2.816s] DEBUG:colcon.colcon_core.event_reactor:joining thread
[2.826s] INFO:colcon.colcon_core.plugin_system:Skipping extension 'colcon_notification.desktop_notification.notify_send': Could not find 'notify-send'
[2.826s] INFO:colcon.colcon_core.plugin_system:Skipping extension 'colcon_notification.desktop_notification.terminal_notifier': Not used on non-Darwin systems
[2.826s] INFO:colcon.colcon_core.plugin_system:Skipping extension 'colcon_notification.desktop_notification.win32': Not used on non-Windows systems
[2.826s] INFO:colcon.colcon_notification.desktop_notification:Sending desktop notification using 'notify2'
[2.828s] DEBUG:colcon.colcon_core.event_reactor:joined thread
[2.828s] INFO:colcon.colcon_core.shell:Creating prefix script '/home/abhinav/Desktop/roboControl/install/local_setup.ps1'
[2.830s] INFO:colcon.colcon_core.shell:Creating prefix util module '/home/abhinav/Desktop/roboControl/install/_local_setup_util_ps1.py'
[2.833s] INFO:colcon.colcon_core.shell:Creating prefix chain script '/home/abhinav/Desktop/roboControl/install/setup.ps1'
[2.835s] INFO:colcon.colcon_core.shell:Creating prefix script '/home/abhinav/Desktop/roboControl/install/local_setup.sh'
[2.837s] INFO:colcon.colcon_core.shell:Creating prefix util module '/home/abhinav/Desktop/roboControl/install/_local_setup_util_sh.py'
[2.839s] INFO:colcon.colcon_core.shell:Creating prefix chain script '/home/abhinav/Desktop/roboControl/install/setup.sh'
[2.842s] INFO:colcon.colcon_core.shell:Creating prefix script '/home/abhinav/Desktop/roboControl/install/local_setup.bash'
[2.843s] INFO:colcon.colcon_core.shell:Creating prefix chain script '/home/abhinav/Desktop/roboControl/install/setup.bash'
[2.846s] INFO:colcon.colcon_core.shell:Creating prefix script '/home/abhinav/Desktop/roboControl/install/local_setup.zsh'
[2.847s] INFO:colcon.colcon_core.shell:Creating prefix chain script '/home/abhinav/Desktop/roboControl/install/setup.zsh'
