[1.448s] Invoking command in '/home/abhinav/Desktop/roboControl/src/robonex_ai': PYTHONPATH=/home/abhinav/Desktop/roboControl/build/robonex_ai/prefix_override:/usr/lib/python3/dist-packages/colcon_core/task/python/colcon_distutils_commands:/home/abhinav/Desktop/roboControl/install/robonex_ai/lib/python3.12/site-packages:${PYTHONPATH} /usr/bin/python3 -W ignore:setup.py install is deprecated -W ignore:easy_install command is deprecated setup.py egg_info --egg-base ../../build/robonex_ai build --build-base /home/abhinav/Desktop/roboControl/build/robonex_ai/build install --record /home/abhinav/Desktop/roboControl/build/robonex_ai/install.log --single-version-externally-managed install_data
[1.826s] running egg_info
[1.856s] writing ../../build/robonex_ai/robonex_ai.egg-info/PKG-INFO
[1.858s] writing dependency_links to ../../build/robonex_ai/robonex_ai.egg-info/dependency_links.txt
[1.858s] writing entry points to ../../build/robonex_ai/robonex_ai.egg-info/entry_points.txt
[1.858s] writing requirements to ../../build/robonex_ai/robonex_ai.egg-info/requires.txt
[1.858s] writing top-level names to ../../build/robonex_ai/robonex_ai.egg-info/top_level.txt
[1.908s] reading manifest file '../../build/robonex_ai/robonex_ai.egg-info/SOURCES.txt'
[1.909s] writing manifest file '../../build/robonex_ai/robonex_ai.egg-info/SOURCES.txt'
[1.910s] running build
[1.910s] running build_py
[1.910s] running install
[1.923s] running install_lib
[1.950s] running install_data
[1.951s] running install_egg_info
[1.981s] removing '/home/abhinav/Desktop/roboControl/install/robonex_ai/lib/python3.12/site-packages/robonex_ai-0.0.0-py3.12.egg-info' (and everything under it)
[1.983s] Copying ../../build/robonex_ai/robonex_ai.egg-info to /home/abhinav/Desktop/roboControl/install/robonex_ai/lib/python3.12/site-packages/robonex_ai-0.0.0-py3.12.egg-info
[1.983s] running install_scripts
[2.203s] Installing ai_server script to /home/abhinav/Desktop/roboControl/install/robonex_ai/lib/robonex_ai
[2.204s] writing list of installed files to '/home/abhinav/Desktop/roboControl/build/robonex_ai/install.log'
[2.267s] Invoked command in '/home/abhinav/Desktop/roboControl/src/robonex_ai' returned '0': PYTHONPATH=/home/abhinav/Desktop/roboControl/build/robonex_ai/prefix_override:/usr/lib/python3/dist-packages/colcon_core/task/python/colcon_distutils_commands:/home/abhinav/Desktop/roboControl/install/robonex_ai/lib/python3.12/site-packages:${PYTHONPATH} /usr/bin/python3 -W ignore:setup.py install is deprecated -W ignore:easy_install command is deprecated setup.py egg_info --egg-base ../../build/robonex_ai build --build-base /home/abhinav/Desktop/roboControl/build/robonex_ai/build install --record /home/abhinav/Desktop/roboControl/build/robonex_ai/install.log --single-version-externally-managed install_data
