[2.370s] Invoking command in '/home/abhinav/Desktop/roboControl/src/robonex_hardware': PYTHONPATH=/home/abhinav/Desktop/roboControl/build/robonex_hardware/prefix_override:/usr/lib/python3/dist-packages/colcon_core/task/python/colcon_distutils_commands:/home/abhinav/Desktop/roboControl/install/robonex_hardware/lib/python3.12/site-packages:${PYTHONPATH} /usr/bin/python3 -W ignore:setup.py install is deprecated -W ignore:easy_install command is deprecated setup.py egg_info --egg-base ../../build/robonex_hardware build --build-base /home/abhinav/Desktop/roboControl/build/robonex_hardware/build install --record /home/abhinav/Desktop/roboControl/build/robonex_hardware/install.log --single-version-externally-managed install_data
[2.960s] running egg_info
[2.989s] writing ../../build/robonex_hardware/robonex_hardware.egg-info/PKG-INFO
[2.990s] writing dependency_links to ../../build/robonex_hardware/robonex_hardware.egg-info/dependency_links.txt
[2.990s] writing entry points to ../../build/robonex_hardware/robonex_hardware.egg-info/entry_points.txt
[2.990s] writing requirements to ../../build/robonex_hardware/robonex_hardware.egg-info/requires.txt
[2.990s] writing top-level names to ../../build/robonex_hardware/robonex_hardware.egg-info/top_level.txt
[3.064s] reading manifest file '../../build/robonex_hardware/robonex_hardware.egg-info/SOURCES.txt'
[3.065s] writing manifest file '../../build/robonex_hardware/robonex_hardware.egg-info/SOURCES.txt'
[3.065s] running build
[3.066s] running build_py
[3.066s] running install
[3.075s] running install_lib
[3.117s] running install_data
[3.118s] running install_egg_info
[3.182s] removing '/home/abhinav/Desktop/roboControl/install/robonex_hardware/lib/python3.12/site-packages/robonex_hardware-0.0.0-py3.12.egg-info' (and everything under it)
[3.184s] Copying ../../build/robonex_hardware/robonex_hardware.egg-info to /home/abhinav/Desktop/roboControl/install/robonex_hardware/lib/python3.12/site-packages/robonex_hardware-0.0.0-py3.12.egg-info
[3.189s] running install_scripts
[3.583s] Installing robot_hardware script to /home/abhinav/Desktop/roboControl/install/robonex_hardware/lib/robonex_hardware
[3.584s] writing list of installed files to '/home/abhinav/Desktop/roboControl/build/robonex_hardware/install.log'
[3.630s] Invoked command in '/home/abhinav/Desktop/roboControl/src/robonex_hardware' returned '0': PYTHONPATH=/home/abhinav/Desktop/roboControl/build/robonex_hardware/prefix_override:/usr/lib/python3/dist-packages/colcon_core/task/python/colcon_distutils_commands:/home/abhinav/Desktop/roboControl/install/robonex_hardware/lib/python3.12/site-packages:${PYTHONPATH} /usr/bin/python3 -W ignore:setup.py install is deprecated -W ignore:easy_install command is deprecated setup.py egg_info --egg-base ../../build/robonex_hardware build --build-base /home/abhinav/Desktop/roboControl/build/robonex_hardware/build install --record /home/abhinav/Desktop/roboControl/build/robonex_hardware/install.log --single-version-externally-managed install_data
