[1.577s] Invoking command in '/home/abhinav/Desktop/roboControl/src/robonex_ai': PYTHONPATH=/home/abhinav/Desktop/roboControl/build/robonex_ai/prefix_override:/usr/lib/python3/dist-packages/colcon_core/task/python/colcon_distutils_commands:/home/abhinav/Desktop/roboControl/install/robonex_ai/lib/python3.12/site-packages:${PYTHONPATH} /usr/bin/python3 -W ignore:setup.py install is deprecated -W ignore:easy_install command is deprecated setup.py egg_info --egg-base ../../build/robonex_ai build --build-base /home/abhinav/Desktop/roboControl/build/robonex_ai/build install --record /home/abhinav/Desktop/roboControl/build/robonex_ai/install.log --single-version-externally-managed install_data
[2.002s] running egg_info
[2.029s] writing ../../build/robonex_ai/robonex_ai.egg-info/PKG-INFO
[2.030s] writing dependency_links to ../../build/robonex_ai/robonex_ai.egg-info/dependency_links.txt
[2.030s] writing entry points to ../../build/robonex_ai/robonex_ai.egg-info/entry_points.txt
[2.030s] writing requirements to ../../build/robonex_ai/robonex_ai.egg-info/requires.txt
[2.031s] writing top-level names to ../../build/robonex_ai/robonex_ai.egg-info/top_level.txt
[2.083s] reading manifest file '../../build/robonex_ai/robonex_ai.egg-info/SOURCES.txt'
[2.084s] writing manifest file '../../build/robonex_ai/robonex_ai.egg-info/SOURCES.txt'
[2.084s] running build
[2.085s] running build_py
[2.085s] running install
[2.092s] running install_lib
[2.121s] running install_data
[2.121s] running install_egg_info
[2.147s] removing '/home/abhinav/Desktop/roboControl/install/robonex_ai/lib/python3.12/site-packages/robonex_ai-0.0.0-py3.12.egg-info' (and everything under it)
[2.148s] Copying ../../build/robonex_ai/robonex_ai.egg-info to /home/abhinav/Desktop/roboControl/install/robonex_ai/lib/python3.12/site-packages/robonex_ai-0.0.0-py3.12.egg-info
[2.149s] running install_scripts
[2.332s] Installing ai_server script to /home/abhinav/Desktop/roboControl/install/robonex_ai/lib/robonex_ai
[2.333s] writing list of installed files to '/home/abhinav/Desktop/roboControl/build/robonex_ai/install.log'
[2.396s] Invoked command in '/home/abhinav/Desktop/roboControl/src/robonex_ai' returned '0': PYTHONPATH=/home/abhinav/Desktop/roboControl/build/robonex_ai/prefix_override:/usr/lib/python3/dist-packages/colcon_core/task/python/colcon_distutils_commands:/home/abhinav/Desktop/roboControl/install/robonex_ai/lib/python3.12/site-packages:${PYTHONPATH} /usr/bin/python3 -W ignore:setup.py install is deprecated -W ignore:easy_install command is deprecated setup.py egg_info --egg-base ../../build/robonex_ai build --build-base /home/abhinav/Desktop/roboControl/build/robonex_ai/build install --record /home/abhinav/Desktop/roboControl/build/robonex_ai/install.log --single-version-externally-managed install_data
