[1.450s] Invoking command in '/home/abhinav/Desktop/roboControl/src/robonex_hardware': PYTHONPATH=/home/abhinav/Desktop/roboControl/build/robonex_hardware/prefix_override:/usr/lib/python3/dist-packages/colcon_core/task/python/colcon_distutils_commands:/home/abhinav/Desktop/roboControl/install/robonex_hardware/lib/python3.12/site-packages:${PYTHONPATH} /usr/bin/python3 -W ignore:setup.py install is deprecated -W ignore:easy_install command is deprecated setup.py egg_info --egg-base ../../build/robonex_hardware build --build-base /home/abhinav/Desktop/roboControl/build/robonex_hardware/build install --record /home/abhinav/Desktop/roboControl/build/robonex_hardware/install.log --single-version-externally-managed install_data
[1.846s] running egg_info
[1.872s] writing ../../build/robonex_hardware/robonex_hardware.egg-info/PKG-INFO
[1.873s] writing dependency_links to ../../build/robonex_hardware/robonex_hardware.egg-info/dependency_links.txt
[1.874s] writing entry points to ../../build/robonex_hardware/robonex_hardware.egg-info/entry_points.txt
[1.874s] writing requirements to ../../build/robonex_hardware/robonex_hardware.egg-info/requires.txt
[1.874s] writing top-level names to ../../build/robonex_hardware/robonex_hardware.egg-info/top_level.txt
[1.931s] reading manifest file '../../build/robonex_hardware/robonex_hardware.egg-info/SOURCES.txt'
[1.932s] writing manifest file '../../build/robonex_hardware/robonex_hardware.egg-info/SOURCES.txt'
[1.933s] running build
[1.933s] running build_py
[1.935s] running install
[1.941s] running install_lib
[1.968s] running install_data
[1.968s] running install_egg_info
[1.995s] removing '/home/abhinav/Desktop/roboControl/install/robonex_hardware/lib/python3.12/site-packages/robonex_hardware-0.0.0-py3.12.egg-info' (and everything under it)
[1.996s] Copying ../../build/robonex_hardware/robonex_hardware.egg-info to /home/abhinav/Desktop/roboControl/install/robonex_hardware/lib/python3.12/site-packages/robonex_hardware-0.0.0-py3.12.egg-info
[1.997s] running install_scripts
[2.315s] Installing robot_hardware script to /home/abhinav/Desktop/roboControl/install/robonex_hardware/lib/robonex_hardware
[2.315s] writing list of installed files to '/home/abhinav/Desktop/roboControl/build/robonex_hardware/install.log'
[2.390s] Invoked command in '/home/abhinav/Desktop/roboControl/src/robonex_hardware' returned '0': PYTHONPATH=/home/abhinav/Desktop/roboControl/build/robonex_hardware/prefix_override:/usr/lib/python3/dist-packages/colcon_core/task/python/colcon_distutils_commands:/home/abhinav/Desktop/roboControl/install/robonex_hardware/lib/python3.12/site-packages:${PYTHONPATH} /usr/bin/python3 -W ignore:setup.py install is deprecated -W ignore:easy_install command is deprecated setup.py egg_info --egg-base ../../build/robonex_hardware build --build-base /home/abhinav/Desktop/roboControl/build/robonex_hardware/build install --record /home/abhinav/Desktop/roboControl/build/robonex_hardware/install.log --single-version-externally-managed install_data
