[2.370s] Invoking command in '/home/abhinav/Desktop/roboControl/src/robonex_ai': PYTHONPATH=/home/abhinav/Desktop/roboControl/build/robonex_ai/prefix_override:/usr/lib/python3/dist-packages/colcon_core/task/python/colcon_distutils_commands:/home/abhinav/Desktop/roboControl/install/robonex_ai/lib/python3.12/site-packages:${PYTHONPATH} /usr/bin/python3 -W ignore:setup.py install is deprecated -W ignore:easy_install command is deprecated setup.py egg_info --egg-base ../../build/robonex_ai build --build-base /home/abhinav/Desktop/roboControl/build/robonex_ai/build install --record /home/abhinav/Desktop/roboControl/build/robonex_ai/install.log --single-version-externally-managed install_data
[2.925s] running egg_info
[2.958s] writing ../../build/robonex_ai/robonex_ai.egg-info/PKG-INFO
[2.960s] writing dependency_links to ../../build/robonex_ai/robonex_ai.egg-info/dependency_links.txt
[2.961s] writing entry points to ../../build/robonex_ai/robonex_ai.egg-info/entry_points.txt
[2.961s] writing requirements to ../../build/robonex_ai/robonex_ai.egg-info/requires.txt
[2.961s] writing top-level names to ../../build/robonex_ai/robonex_ai.egg-info/top_level.txt
[3.024s] reading manifest file '../../build/robonex_ai/robonex_ai.egg-info/SOURCES.txt'
[3.025s] writing manifest file '../../build/robonex_ai/robonex_ai.egg-info/SOURCES.txt'
[3.028s] running build
[3.028s] running build_py
[3.028s] copying robonex_ai/ai_node.py -> /home/abhinav/Desktop/roboControl/build/robonex_ai/build/lib/robonex_ai
[3.028s] running install
[3.038s] running install_lib
[3.069s] copying /home/abhinav/Desktop/roboControl/build/robonex_ai/build/lib/robonex_ai/ai_node.py -> /home/abhinav/Desktop/roboControl/install/robonex_ai/lib/python3.12/site-packages/robonex_ai
[3.070s] byte-compiling /home/abhinav/Desktop/roboControl/install/robonex_ai/lib/python3.12/site-packages/robonex_ai/ai_node.py to ai_node.cpython-312.pyc
[3.072s] running install_data
[3.073s] running install_egg_info
[3.106s] removing '/home/abhinav/Desktop/roboControl/install/robonex_ai/lib/python3.12/site-packages/robonex_ai-0.0.0-py3.12.egg-info' (and everything under it)
[3.106s] Copying ../../build/robonex_ai/robonex_ai.egg-info to /home/abhinav/Desktop/roboControl/install/robonex_ai/lib/python3.12/site-packages/robonex_ai-0.0.0-py3.12.egg-info
[3.110s] running install_scripts
[3.536s] Installing ai_server script to /home/abhinav/Desktop/roboControl/install/robonex_ai/lib/robonex_ai
[3.538s] writing list of installed files to '/home/abhinav/Desktop/roboControl/build/robonex_ai/install.log'
[3.596s] Invoked command in '/home/abhinav/Desktop/roboControl/src/robonex_ai' returned '0': PYTHONPATH=/home/abhinav/Desktop/roboControl/build/robonex_ai/prefix_override:/usr/lib/python3/dist-packages/colcon_core/task/python/colcon_distutils_commands:/home/abhinav/Desktop/roboControl/install/robonex_ai/lib/python3.12/site-packages:${PYTHONPATH} /usr/bin/python3 -W ignore:setup.py install is deprecated -W ignore:easy_install command is deprecated setup.py egg_info --egg-base ../../build/robonex_ai build --build-base /home/abhinav/Desktop/roboControl/build/robonex_ai/build install --record /home/abhinav/Desktop/roboControl/build/robonex_ai/install.log --single-version-externally-managed install_data
