[0.325s] DEBUG:colcon:Command line arguments: ['/usr/bin/colcon', 'build']
[0.325s] DEBUG:colcon:Parsed command line arguments: Namespace(log_base=None, log_level=None, verb_name='build', build_base='build', install_base='install', merge_install=False, symlink_install=False, test_result_base=None, continue_on_error=False, executor='parallel', parallel_workers=4, event_handlers=None, ignore_user_meta=False, metas=['./colcon.meta'], base_paths=['.'], packages_ignore=None, packages_ignore_regex=None, paths=None, packages_up_to=None, packages_up_to_regex=None, packages_above=None, packages_above_and_dependencies=None, packages_above_depth=None, packages_select_by_dep=None, packages_skip_by_dep=None, packages_skip_up_to=None, packages_select_build_failed=False, packages_skip_build_finished=False, packages_select_test_failures=False, packages_skip_test_passed=False, packages_select=None, packages_skip=None, packages_select_regex=None, packages_skip_regex=None, packages_start=None, packages_end=None, allow_overriding=[], cmake_args=None, cmake_target=None, cmake_target_skip_unavailable=False, cmake_clean_cache=False, cmake_clean_first=False, cmake_force_configure=False, ament_cmake_args=None, catkin_cmake_args=None, catkin_skip_building_tests=False, mixin_files=None, mixin=None, verb_parser=<colcon_mixin.mixin.mixin_argument.MixinArgumentDecorator object at 0x72d7328a4740>, verb_extension=<colcon_core.verb.build.BuildVerb object at 0x72d7328a43b0>, main=<bound method BuildVerb.main of <colcon_core.verb.build.BuildVerb object at 0x72d7328a43b0>>, mixin_verb=('build',))
[0.379s] Level 1:colcon.colcon_core.package_discovery:discover_packages(colcon_meta) check parameters
[0.380s] Level 1:colcon.colcon_core.package_discovery:discover_packages(recursive) check parameters
[0.380s] Level 1:colcon.colcon_core.package_discovery:discover_packages(ignore) check parameters
[0.380s] Level 1:colcon.colcon_core.package_discovery:discover_packages(path) check parameters
[0.380s] Level 1:colcon.colcon_core.package_discovery:discover_packages(colcon_meta) discover
[0.380s] Level 1:colcon.colcon_core.package_discovery:discover_packages(recursive) discover
[0.380s] INFO:colcon.colcon_core.package_discovery:Crawling recursively for packages in '/home/abhinav/Desktop/roboControl'
[0.380s] Level 1:colcon.colcon_core.package_identification:_identify(.) by extensions ['ignore', 'ignore_ament_install']
[0.380s] Level 1:colcon.colcon_core.package_identification:_identify(.) by extension 'ignore'
[0.381s] Level 1:colcon.colcon_core.package_identification:_identify(.) by extension 'ignore_ament_install'
[0.381s] Level 1:colcon.colcon_core.package_identification:_identify(.) by extensions ['colcon_pkg']
[0.381s] Level 1:colcon.colcon_core.package_identification:_identify(.) by extension 'colcon_pkg'
[0.381s] Level 1:colcon.colcon_core.package_identification:_identify(.) by extensions ['colcon_meta']
[0.381s] Level 1:colcon.colcon_core.package_identification:_identify(.) by extension 'colcon_meta'
[0.381s] Level 1:colcon.colcon_core.package_identification:_identify(.) by extensions ['ros']
[0.381s] Level 1:colcon.colcon_core.package_identification:_identify(.) by extension 'ros'
[0.422s] Level 1:colcon.colcon_core.package_identification:_identify(.) by extensions ['cmake', 'python']
[0.422s] Level 1:colcon.colcon_core.package_identification:_identify(.) by extension 'cmake'
[0.423s] Level 1:colcon.colcon_core.package_identification:_identify(.) by extension 'python'
[0.423s] Level 1:colcon.colcon_core.package_identification:_identify(.) by extensions ['python_setup_py']
[0.423s] Level 1:colcon.colcon_core.package_identification:_identify(.) by extension 'python_setup_py'
[0.423s] Level 1:colcon.colcon_core.package_identification:_identify(build) by extensions ['ignore', 'ignore_ament_install']
[0.423s] Level 1:colcon.colcon_core.package_identification:_identify(build) by extension 'ignore'
[0.423s] Level 1:colcon.colcon_core.package_identification:_identify(build) ignored
[0.424s] Level 1:colcon.colcon_core.package_identification:_identify(install) by extensions ['ignore', 'ignore_ament_install']
[0.424s] Level 1:colcon.colcon_core.package_identification:_identify(install) by extension 'ignore'
[0.424s] Level 1:colcon.colcon_core.package_identification:_identify(install) ignored
[0.424s] Level 1:colcon.colcon_core.package_identification:_identify(log) by extensions ['ignore', 'ignore_ament_install']
[0.424s] Level 1:colcon.colcon_core.package_identification:_identify(log) by extension 'ignore'
[0.424s] Level 1:colcon.colcon_core.package_identification:_identify(log) ignored
[0.425s] Level 1:colcon.colcon_core.package_identification:_identify(src) by extensions ['ignore', 'ignore_ament_install']
[0.425s] Level 1:colcon.colcon_core.package_identification:_identify(src) by extension 'ignore'
[0.425s] Level 1:colcon.colcon_core.package_identification:_identify(src) by extension 'ignore_ament_install'
[0.425s] Level 1:colcon.colcon_core.package_identification:_identify(src) by extensions ['colcon_pkg']
[0.425s] Level 1:colcon.colcon_core.package_identification:_identify(src) by extension 'colcon_pkg'
[0.425s] Level 1:colcon.colcon_core.package_identification:_identify(src) by extensions ['colcon_meta']
[0.425s] Level 1:colcon.colcon_core.package_identification:_identify(src) by extension 'colcon_meta'
[0.425s] Level 1:colcon.colcon_core.package_identification:_identify(src) by extensions ['ros']
[0.425s] Level 1:colcon.colcon_core.package_identification:_identify(src) by extension 'ros'
[0.426s] Level 1:colcon.colcon_core.package_identification:_identify(src) by extensions ['cmake', 'python']
[0.426s] Level 1:colcon.colcon_core.package_identification:_identify(src) by extension 'cmake'
[0.426s] Level 1:colcon.colcon_core.package_identification:_identify(src) by extension 'python'
[0.426s] Level 1:colcon.colcon_core.package_identification:_identify(src) by extensions ['python_setup_py']
[0.426s] Level 1:colcon.colcon_core.package_identification:_identify(src) by extension 'python_setup_py'
[0.426s] Level 1:colcon.colcon_core.package_identification:_identify(src/robonex_ai) by extensions ['ignore', 'ignore_ament_install']
[0.426s] Level 1:colcon.colcon_core.package_identification:_identify(src/robonex_ai) by extension 'ignore'
[0.426s] Level 1:colcon.colcon_core.package_identification:_identify(src/robonex_ai) by extension 'ignore_ament_install'
[0.427s] Level 1:colcon.colcon_core.package_identification:_identify(src/robonex_ai) by extensions ['colcon_pkg']
[0.427s] Level 1:colcon.colcon_core.package_identification:_identify(src/robonex_ai) by extension 'colcon_pkg'
[0.427s] Level 1:colcon.colcon_core.package_identification:_identify(src/robonex_ai) by extensions ['colcon_meta']
[0.427s] Level 1:colcon.colcon_core.package_identification:_identify(src/robonex_ai) by extension 'colcon_meta'
[0.427s] Level 1:colcon.colcon_core.package_identification:_identify(src/robonex_ai) by extensions ['ros']
[0.427s] Level 1:colcon.colcon_core.package_identification:_identify(src/robonex_ai) by extension 'ros'
[0.432s] DEBUG:colcon.colcon_core.package_identification:Package 'src/robonex_ai' with type 'ros.ament_python' and name 'robonex_ai'
[0.432s] Level 1:colcon.colcon_core.package_identification:_identify(src/robonex_hardware) by extensions ['ignore', 'ignore_ament_install']
[0.432s] Level 1:colcon.colcon_core.package_identification:_identify(src/robonex_hardware) by extension 'ignore'
[0.432s] Level 1:colcon.colcon_core.package_identification:_identify(src/robonex_hardware) by extension 'ignore_ament_install'
[0.432s] Level 1:colcon.colcon_core.package_identification:_identify(src/robonex_hardware) by extensions ['colcon_pkg']
[0.432s] Level 1:colcon.colcon_core.package_identification:_identify(src/robonex_hardware) by extension 'colcon_pkg'
[0.432s] Level 1:colcon.colcon_core.package_identification:_identify(src/robonex_hardware) by extensions ['colcon_meta']
[0.432s] Level 1:colcon.colcon_core.package_identification:_identify(src/robonex_hardware) by extension 'colcon_meta'
[0.433s] Level 1:colcon.colcon_core.package_identification:_identify(src/robonex_hardware) by extensions ['ros']
[0.433s] Level 1:colcon.colcon_core.package_identification:_identify(src/robonex_hardware) by extension 'ros'
[0.434s] DEBUG:colcon.colcon_core.package_identification:Package 'src/robonex_hardware' with type 'ros.ament_python' and name 'robonex_hardware'
[0.434s] Level 1:colcon.colcon_core.package_discovery:discover_packages(recursive) using defaults
[0.434s] Level 1:colcon.colcon_core.package_discovery:discover_packages(ignore) discover
[0.434s] Level 1:colcon.colcon_core.package_discovery:discover_packages(ignore) using defaults
[0.434s] Level 1:colcon.colcon_core.package_discovery:discover_packages(path) discover
[0.434s] Level 1:colcon.colcon_core.package_discovery:discover_packages(path) using defaults
[0.465s] Level 1:colcon.colcon_core.package_discovery:discover_packages(prefix_path) check parameters
[0.465s] Level 1:colcon.colcon_core.package_discovery:discover_packages(prefix_path) discover
[0.468s] DEBUG:colcon.colcon_installed_package_information.package_discovery:Found 2 installed packages in /home/abhinav/Desktop/roboControl/install
[0.470s] DEBUG:colcon.colcon_installed_package_information.package_discovery:Found 286 installed packages in /opt/ros/jazzy
[0.472s] Level 1:colcon.colcon_core.package_discovery:discover_packages(prefix_path) using defaults
[0.538s] Level 5:colcon.colcon_core.verb:set package 'robonex_ai' build argument 'cmake_args' from command line to 'None'
[0.538s] Level 5:colcon.colcon_core.verb:set package 'robonex_ai' build argument 'cmake_target' from command line to 'None'
[0.538s] Level 5:colcon.colcon_core.verb:set package 'robonex_ai' build argument 'cmake_target_skip_unavailable' from command line to 'False'
[0.538s] Level 5:colcon.colcon_core.verb:set package 'robonex_ai' build argument 'cmake_clean_cache' from command line to 'False'
[0.538s] Level 5:colcon.colcon_core.verb:set package 'robonex_ai' build argument 'cmake_clean_first' from command line to 'False'
[0.538s] Level 5:colcon.colcon_core.verb:set package 'robonex_ai' build argument 'cmake_force_configure' from command line to 'False'
[0.538s] Level 5:colcon.colcon_core.verb:set package 'robonex_ai' build argument 'ament_cmake_args' from command line to 'None'
[0.538s] Level 5:colcon.colcon_core.verb:set package 'robonex_ai' build argument 'catkin_cmake_args' from command line to 'None'
[0.538s] Level 5:colcon.colcon_core.verb:set package 'robonex_ai' build argument 'catkin_skip_building_tests' from command line to 'False'
[0.538s] DEBUG:colcon.colcon_core.verb:Building package 'robonex_ai' with the following arguments: {'ament_cmake_args': None, 'build_base': '/home/abhinav/Desktop/roboControl/build/robonex_ai', 'catkin_cmake_args': None, 'catkin_skip_building_tests': False, 'cmake_args': None, 'cmake_clean_cache': False, 'cmake_clean_first': False, 'cmake_force_configure': False, 'cmake_target': None, 'cmake_target_skip_unavailable': False, 'install_base': '/home/abhinav/Desktop/roboControl/install/robonex_ai', 'merge_install': False, 'path': '/home/abhinav/Desktop/roboControl/src/robonex_ai', 'symlink_install': False, 'test_result_base': None}
[0.539s] Level 5:colcon.colcon_core.verb:set package 'robonex_hardware' build argument 'cmake_args' from command line to 'None'
[0.539s] Level 5:colcon.colcon_core.verb:set package 'robonex_hardware' build argument 'cmake_target' from command line to 'None'
[0.539s] Level 5:colcon.colcon_core.verb:set package 'robonex_hardware' build argument 'cmake_target_skip_unavailable' from command line to 'False'
[0.539s] Level 5:colcon.colcon_core.verb:set package 'robonex_hardware' build argument 'cmake_clean_cache' from command line to 'False'
[0.539s] Level 5:colcon.colcon_core.verb:set package 'robonex_hardware' build argument 'cmake_clean_first' from command line to 'False'
[0.539s] Level 5:colcon.colcon_core.verb:set package 'robonex_hardware' build argument 'cmake_force_configure' from command line to 'False'
[0.539s] Level 5:colcon.colcon_core.verb:set package 'robonex_hardware' build argument 'ament_cmake_args' from command line to 'None'
[0.539s] Level 5:colcon.colcon_core.verb:set package 'robonex_hardware' build argument 'catkin_cmake_args' from command line to 'None'
[0.539s] Level 5:colcon.colcon_core.verb:set package 'robonex_hardware' build argument 'catkin_skip_building_tests' from command line to 'False'
[0.539s] DEBUG:colcon.colcon_core.verb:Building package 'robonex_hardware' with the following arguments: {'ament_cmake_args': None, 'build_base': '/home/abhinav/Desktop/roboControl/build/robonex_hardware', 'catkin_cmake_args': None, 'catkin_skip_building_tests': False, 'cmake_args': None, 'cmake_clean_cache': False, 'cmake_clean_first': False, 'cmake_force_configure': False, 'cmake_target': None, 'cmake_target_skip_unavailable': False, 'install_base': '/home/abhinav/Desktop/roboControl/install/robonex_hardware', 'merge_install': False, 'path': '/home/abhinav/Desktop/roboControl/src/robonex_hardware', 'symlink_install': False, 'test_result_base': None}
[0.540s] INFO:colcon.colcon_core.executor:Executing jobs using 'parallel' executor
[0.541s] DEBUG:colcon.colcon_parallel_executor.executor.parallel:run_until_complete
[0.541s] INFO:colcon.colcon_ros.task.ament_python.build:Building ROS package in '/home/abhinav/Desktop/roboControl/src/robonex_ai' with build type 'ament_python'
[0.541s] Level 1:colcon.colcon_core.shell:create_environment_hook('robonex_ai', 'ament_prefix_path')
[0.544s] INFO:colcon.colcon_core.plugin_system:Skipping extension 'colcon_core.shell.bat': Not used on non-Windows systems
[0.544s] INFO:colcon.colcon_core.shell:Creating environment hook '/home/abhinav/Desktop/roboControl/install/robonex_ai/share/robonex_ai/hook/ament_prefix_path.ps1'
[0.545s] INFO:colcon.colcon_core.shell:Creating environment descriptor '/home/abhinav/Desktop/roboControl/install/robonex_ai/share/robonex_ai/hook/ament_prefix_path.dsv'
[0.546s] INFO:colcon.colcon_core.shell:Creating environment hook '/home/abhinav/Desktop/roboControl/install/robonex_ai/share/robonex_ai/hook/ament_prefix_path.sh'
[0.547s] INFO:colcon.colcon_core.shell:Skip shell extension 'powershell' for command environment: Not usable outside of PowerShell
[0.547s] DEBUG:colcon.colcon_core.shell:Skip shell extension 'dsv' for command environment
[0.552s] INFO:colcon.colcon_ros.task.ament_python.build:Building ROS package in '/home/abhinav/Desktop/roboControl/src/robonex_hardware' with build type 'ament_python'
[0.552s] Level 1:colcon.colcon_core.shell:create_environment_hook('robonex_hardware', 'ament_prefix_path')
[0.553s] INFO:colcon.colcon_core.shell:Creating environment hook '/home/abhinav/Desktop/roboControl/install/robonex_hardware/share/robonex_hardware/hook/ament_prefix_path.ps1'
[0.554s] INFO:colcon.colcon_core.shell:Creating environment descriptor '/home/abhinav/Desktop/roboControl/install/robonex_hardware/share/robonex_hardware/hook/ament_prefix_path.dsv'
[0.554s] INFO:colcon.colcon_core.shell:Creating environment hook '/home/abhinav/Desktop/roboControl/install/robonex_hardware/share/robonex_hardware/hook/ament_prefix_path.sh'
[0.555s] INFO:colcon.colcon_core.shell:Skip shell extension 'powershell' for command environment: Not usable outside of PowerShell
[0.555s] DEBUG:colcon.colcon_core.shell:Skip shell extension 'dsv' for command environment
[0.897s] INFO:colcon.colcon_core.task.python.build:Building Python package in '/home/abhinav/Desktop/roboControl/src/robonex_ai'
[0.897s] INFO:colcon.colcon_core.shell:Skip shell extension 'powershell' for command environment: Not usable outside of PowerShell
[0.897s] DEBUG:colcon.colcon_core.shell:Skip shell extension 'dsv' for command environment
[1.241s] INFO:colcon.colcon_core.task.python.build:Building Python package in '/home/abhinav/Desktop/roboControl/src/robonex_hardware'
[1.241s] INFO:colcon.colcon_core.shell:Skip shell extension 'powershell' for command environment: Not usable outside of PowerShell
[1.241s] DEBUG:colcon.colcon_core.shell:Skip shell extension 'dsv' for command environment
[2.085s] DEBUG:colcon.colcon_core.event_handler.log_command:Invoking command in '/home/abhinav/Desktop/roboControl/src/robonex_ai': PYTHONPATH=/home/abhinav/Desktop/roboControl/build/robonex_ai/prefix_override:/usr/lib/python3/dist-packages/colcon_core/task/python/colcon_distutils_commands:/home/abhinav/Desktop/roboControl/install/robonex_ai/lib/python3.12/site-packages:${PYTHONPATH} /usr/bin/python3 -W ignore:setup.py install is deprecated -W ignore:easy_install command is deprecated setup.py egg_info --egg-base ../../build/robonex_ai build --build-base /home/abhinav/Desktop/roboControl/build/robonex_ai/build install --record /home/abhinav/Desktop/roboControl/build/robonex_ai/install.log --single-version-externally-managed install_data
[2.153s] DEBUG:colcon.colcon_core.event_handler.log_command:Invoking command in '/home/abhinav/Desktop/roboControl/src/robonex_hardware': PYTHONPATH=/home/abhinav/Desktop/roboControl/build/robonex_hardware/prefix_override:/usr/lib/python3/dist-packages/colcon_core/task/python/colcon_distutils_commands:/home/abhinav/Desktop/roboControl/install/robonex_hardware/lib/python3.12/site-packages:${PYTHONPATH} /usr/bin/python3 -W ignore:setup.py install is deprecated -W ignore:easy_install command is deprecated setup.py egg_info --egg-base ../../build/robonex_hardware build --build-base /home/abhinav/Desktop/roboControl/build/robonex_hardware/build install --record /home/abhinav/Desktop/roboControl/build/robonex_hardware/install.log --single-version-externally-managed install_data
[2.943s] DEBUG:colcon.colcon_core.event_handler.log_command:Invoked command in '/home/abhinav/Desktop/roboControl/src/robonex_ai' returned '0': PYTHONPATH=/home/abhinav/Desktop/roboControl/build/robonex_ai/prefix_override:/usr/lib/python3/dist-packages/colcon_core/task/python/colcon_distutils_commands:/home/abhinav/Desktop/roboControl/install/robonex_ai/lib/python3.12/site-packages:${PYTHONPATH} /usr/bin/python3 -W ignore:setup.py install is deprecated -W ignore:easy_install command is deprecated setup.py egg_info --egg-base ../../build/robonex_ai build --build-base /home/abhinav/Desktop/roboControl/build/robonex_ai/build install --record /home/abhinav/Desktop/roboControl/build/robonex_ai/install.log --single-version-externally-managed install_data
[2.948s] Level 1:colcon.colcon_core.environment:checking '/home/abhinav/Desktop/roboControl/install/robonex_ai' for CMake module files
[2.949s] Level 1:colcon.colcon_core.environment:checking '/home/abhinav/Desktop/roboControl/install/robonex_ai' for CMake config files
[2.950s] Level 1:colcon.colcon_core.environment:checking '/home/abhinav/Desktop/roboControl/install/robonex_ai/lib'
[2.951s] Level 1:colcon.colcon_core.environment:checking '/home/abhinav/Desktop/roboControl/install/robonex_ai/bin'
[2.951s] Level 1:colcon.colcon_core.environment:checking '/home/abhinav/Desktop/roboControl/install/robonex_ai/lib/pkgconfig/robonex_ai.pc'
[2.951s] Level 1:colcon.colcon_core.environment:checking '/home/abhinav/Desktop/roboControl/install/robonex_ai/lib/python3.12/site-packages'
[2.951s] Level 1:colcon.colcon_core.shell:create_environment_hook('robonex_ai', 'pythonpath')
[2.952s] INFO:colcon.colcon_core.shell:Creating environment hook '/home/abhinav/Desktop/roboControl/install/robonex_ai/share/robonex_ai/hook/pythonpath.ps1'
[2.953s] INFO:colcon.colcon_core.shell:Creating environment descriptor '/home/abhinav/Desktop/roboControl/install/robonex_ai/share/robonex_ai/hook/pythonpath.dsv'
[2.954s] INFO:colcon.colcon_core.shell:Creating environment hook '/home/abhinav/Desktop/roboControl/install/robonex_ai/share/robonex_ai/hook/pythonpath.sh'
[2.955s] Level 1:colcon.colcon_core.environment:checking '/home/abhinav/Desktop/roboControl/install/robonex_ai/bin'
[2.955s] Level 1:colcon.colcon_core.environment:create_environment_scripts_only(robonex_ai)
[2.955s] INFO:colcon.colcon_core.shell:Creating package script '/home/abhinav/Desktop/roboControl/install/robonex_ai/share/robonex_ai/package.ps1'
[2.956s] INFO:colcon.colcon_core.shell:Creating package descriptor '/home/abhinav/Desktop/roboControl/install/robonex_ai/share/robonex_ai/package.dsv'
[2.957s] INFO:colcon.colcon_core.shell:Creating package script '/home/abhinav/Desktop/roboControl/install/robonex_ai/share/robonex_ai/package.sh'
[2.959s] INFO:colcon.colcon_core.shell:Creating package script '/home/abhinav/Desktop/roboControl/install/robonex_ai/share/robonex_ai/package.bash'
[2.960s] INFO:colcon.colcon_core.shell:Creating package script '/home/abhinav/Desktop/roboControl/install/robonex_ai/share/robonex_ai/package.zsh'
[2.961s] Level 1:colcon.colcon_core.environment:create_file_with_runtime_dependencies(/home/abhinav/Desktop/roboControl/install/robonex_ai/share/colcon-core/packages/robonex_ai)
[3.031s] Level 1:colcon.colcon_core.environment:checking '/home/abhinav/Desktop/roboControl/install/robonex_hardware' for CMake module files
[3.032s] DEBUG:colcon.colcon_core.event_handler.log_command:Invoked command in '/home/abhinav/Desktop/roboControl/src/robonex_hardware' returned '0': PYTHONPATH=/home/abhinav/Desktop/roboControl/build/robonex_hardware/prefix_override:/usr/lib/python3/dist-packages/colcon_core/task/python/colcon_distutils_commands:/home/abhinav/Desktop/roboControl/install/robonex_hardware/lib/python3.12/site-packages:${PYTHONPATH} /usr/bin/python3 -W ignore:setup.py install is deprecated -W ignore:easy_install command is deprecated setup.py egg_info --egg-base ../../build/robonex_hardware build --build-base /home/abhinav/Desktop/roboControl/build/robonex_hardware/build install --record /home/abhinav/Desktop/roboControl/build/robonex_hardware/install.log --single-version-externally-managed install_data
[3.033s] Level 1:colcon.colcon_core.environment:checking '/home/abhinav/Desktop/roboControl/install/robonex_hardware' for CMake config files
[3.034s] Level 1:colcon.colcon_core.environment:checking '/home/abhinav/Desktop/roboControl/install/robonex_hardware/lib'
[3.034s] Level 1:colcon.colcon_core.environment:checking '/home/abhinav/Desktop/roboControl/install/robonex_hardware/bin'
[3.034s] Level 1:colcon.colcon_core.environment:checking '/home/abhinav/Desktop/roboControl/install/robonex_hardware/lib/pkgconfig/robonex_hardware.pc'
[3.034s] Level 1:colcon.colcon_core.environment:checking '/home/abhinav/Desktop/roboControl/install/robonex_hardware/lib/python3.12/site-packages'
[3.035s] Level 1:colcon.colcon_core.shell:create_environment_hook('robonex_hardware', 'pythonpath')
[3.035s] INFO:colcon.colcon_core.shell:Creating environment hook '/home/abhinav/Desktop/roboControl/install/robonex_hardware/share/robonex_hardware/hook/pythonpath.ps1'
[3.036s] INFO:colcon.colcon_core.shell:Creating environment descriptor '/home/abhinav/Desktop/roboControl/install/robonex_hardware/share/robonex_hardware/hook/pythonpath.dsv'
[3.036s] INFO:colcon.colcon_core.shell:Creating environment hook '/home/abhinav/Desktop/roboControl/install/robonex_hardware/share/robonex_hardware/hook/pythonpath.sh'
[3.037s] Level 1:colcon.colcon_core.environment:checking '/home/abhinav/Desktop/roboControl/install/robonex_hardware/bin'
[3.037s] Level 1:colcon.colcon_core.environment:create_environment_scripts_only(robonex_hardware)
[3.037s] INFO:colcon.colcon_core.shell:Creating package script '/home/abhinav/Desktop/roboControl/install/robonex_hardware/share/robonex_hardware/package.ps1'
[3.038s] INFO:colcon.colcon_core.shell:Creating package descriptor '/home/abhinav/Desktop/roboControl/install/robonex_hardware/share/robonex_hardware/package.dsv'
[3.039s] INFO:colcon.colcon_core.shell:Creating package script '/home/abhinav/Desktop/roboControl/install/robonex_hardware/share/robonex_hardware/package.sh'
[3.040s] INFO:colcon.colcon_core.shell:Creating package script '/home/abhinav/Desktop/roboControl/install/robonex_hardware/share/robonex_hardware/package.bash'
[3.041s] INFO:colcon.colcon_core.shell:Creating package script '/home/abhinav/Desktop/roboControl/install/robonex_hardware/share/robonex_hardware/package.zsh'
[3.041s] Level 1:colcon.colcon_core.environment:create_file_with_runtime_dependencies(/home/abhinav/Desktop/roboControl/install/robonex_hardware/share/colcon-core/packages/robonex_hardware)
[3.042s] DEBUG:colcon.colcon_parallel_executor.executor.parallel:closing loop
[3.042s] DEBUG:colcon.colcon_parallel_executor.executor.parallel:loop closed
[3.043s] DEBUG:colcon.colcon_parallel_executor.executor.parallel:run_until_complete finished with '0'
[3.043s] DEBUG:colcon.colcon_core.event_reactor:joining thread
[3.051s] INFO:colcon.colcon_core.plugin_system:Skipping extension 'colcon_notification.desktop_notification.notify_send': Could not find 'notify-send'
[3.051s] INFO:colcon.colcon_core.plugin_system:Skipping extension 'colcon_notification.desktop_notification.terminal_notifier': Not used on non-Darwin systems
[3.052s] INFO:colcon.colcon_core.plugin_system:Skipping extension 'colcon_notification.desktop_notification.win32': Not used on non-Windows systems
[3.052s] INFO:colcon.colcon_notification.desktop_notification:Sending desktop notification using 'notify2'
[3.055s] DEBUG:colcon.colcon_core.event_reactor:joined thread
[3.055s] INFO:colcon.colcon_core.shell:Creating prefix script '/home/abhinav/Desktop/roboControl/install/local_setup.ps1'
[3.057s] INFO:colcon.colcon_core.shell:Creating prefix util module '/home/abhinav/Desktop/roboControl/install/_local_setup_util_ps1.py'
[3.060s] INFO:colcon.colcon_core.shell:Creating prefix chain script '/home/abhinav/Desktop/roboControl/install/setup.ps1'
[3.062s] INFO:colcon.colcon_core.shell:Creating prefix script '/home/abhinav/Desktop/roboControl/install/local_setup.sh'
[3.064s] INFO:colcon.colcon_core.shell:Creating prefix util module '/home/abhinav/Desktop/roboControl/install/_local_setup_util_sh.py'
[3.065s] INFO:colcon.colcon_core.shell:Creating prefix chain script '/home/abhinav/Desktop/roboControl/install/setup.sh'
[3.067s] INFO:colcon.colcon_core.shell:Creating prefix script '/home/abhinav/Desktop/roboControl/install/local_setup.bash'
[3.068s] INFO:colcon.colcon_core.shell:Creating prefix chain script '/home/abhinav/Desktop/roboControl/install/setup.bash'
[3.070s] INFO:colcon.colcon_core.shell:Creating prefix script '/home/abhinav/Desktop/roboControl/install/local_setup.zsh'
[3.071s] INFO:colcon.colcon_core.shell:Creating prefix chain script '/home/abhinav/Desktop/roboControl/install/setup.zsh'
