[0.171s] DEBUG:colcon:Command line arguments: ['/usr/bin/colcon', 'build']
[0.171s] DEBUG:colcon:Parsed command line arguments: Namespace(log_base=None, log_level=None, verb_name='build', build_base='build', install_base='install', merge_install=False, symlink_install=False, test_result_base=None, continue_on_error=False, executor='parallel', parallel_workers=4, event_handlers=None, ignore_user_meta=False, metas=['./colcon.meta'], base_paths=['.'], packages_ignore=None, packages_ignore_regex=None, paths=None, packages_up_to=None, packages_up_to_regex=None, packages_above=None, packages_above_and_dependencies=None, packages_above_depth=None, packages_select_by_dep=None, packages_skip_by_dep=None, packages_skip_up_to=None, packages_select_build_failed=False, packages_skip_build_finished=False, packages_select_test_failures=False, packages_skip_test_passed=False, packages_select=None, packages_skip=None, packages_select_regex=None, packages_skip_regex=None, packages_start=None, packages_end=None, allow_overriding=[], cmake_args=None, cmake_target=None, cmake_target_skip_unavailable=False, cmake_clean_cache=False, cmake_clean_first=False, cmake_force_configure=False, ament_cmake_args=None, catkin_cmake_args=None, catkin_skip_building_tests=False, mixin_files=None, mixin=None, verb_parser=<colcon_mixin.mixin.mixin_argument.MixinArgumentDecorator object at 0x72d567a987a0>, verb_extension=<colcon_core.verb.build.BuildVerb object at 0x72d567a98470>, main=<bound method BuildVerb.main of <colcon_core.verb.build.BuildVerb object at 0x72d567a98470>>, mixin_verb=('build',))
[0.217s] Level 1:colcon.colcon_core.package_discovery:discover_packages(colcon_meta) check parameters
[0.218s] Level 1:colcon.colcon_core.package_discovery:discover_packages(recursive) check parameters
[0.218s] Level 1:colcon.colcon_core.package_discovery:discover_packages(ignore) check parameters
[0.218s] Level 1:colcon.colcon_core.package_discovery:discover_packages(path) check parameters
[0.218s] Level 1:colcon.colcon_core.package_discovery:discover_packages(colcon_meta) discover
[0.218s] Level 1:colcon.colcon_core.package_discovery:discover_packages(recursive) discover
[0.218s] INFO:colcon.colcon_core.package_discovery:Crawling recursively for packages in '/home/abhinav/Desktop/roboControl'
[0.218s] Level 1:colcon.colcon_core.package_identification:_identify(.) by extensions ['ignore', 'ignore_ament_install']
[0.218s] Level 1:colcon.colcon_core.package_identification:_identify(.) by extension 'ignore'
[0.218s] Level 1:colcon.colcon_core.package_identification:_identify(.) by extension 'ignore_ament_install'
[0.218s] Level 1:colcon.colcon_core.package_identification:_identify(.) by extensions ['colcon_pkg']
[0.218s] Level 1:colcon.colcon_core.package_identification:_identify(.) by extension 'colcon_pkg'
[0.219s] Level 1:colcon.colcon_core.package_identification:_identify(.) by extensions ['colcon_meta']
[0.219s] Level 1:colcon.colcon_core.package_identification:_identify(.) by extension 'colcon_meta'
[0.219s] Level 1:colcon.colcon_core.package_identification:_identify(.) by extensions ['ros']
[0.219s] Level 1:colcon.colcon_core.package_identification:_identify(.) by extension 'ros'
[0.251s] Level 1:colcon.colcon_core.package_identification:_identify(.) by extensions ['cmake', 'python']
[0.251s] Level 1:colcon.colcon_core.package_identification:_identify(.) by extension 'cmake'
[0.251s] Level 1:colcon.colcon_core.package_identification:_identify(.) by extension 'python'
[0.251s] Level 1:colcon.colcon_core.package_identification:_identify(.) by extensions ['python_setup_py']
[0.252s] Level 1:colcon.colcon_core.package_identification:_identify(.) by extension 'python_setup_py'
[0.252s] Level 1:colcon.colcon_core.package_identification:_identify(backup) by extensions ['ignore', 'ignore_ament_install']
[0.252s] Level 1:colcon.colcon_core.package_identification:_identify(backup) by extension 'ignore'
[0.252s] Level 1:colcon.colcon_core.package_identification:_identify(backup) by extension 'ignore_ament_install'
[0.252s] Level 1:colcon.colcon_core.package_identification:_identify(backup) by extensions ['colcon_pkg']
[0.252s] Level 1:colcon.colcon_core.package_identification:_identify(backup) by extension 'colcon_pkg'
[0.252s] Level 1:colcon.colcon_core.package_identification:_identify(backup) by extensions ['colcon_meta']
[0.252s] Level 1:colcon.colcon_core.package_identification:_identify(backup) by extension 'colcon_meta'
[0.253s] Level 1:colcon.colcon_core.package_identification:_identify(backup) by extensions ['ros']
[0.253s] Level 1:colcon.colcon_core.package_identification:_identify(backup) by extension 'ros'
[0.253s] Level 1:colcon.colcon_core.package_identification:_identify(backup) by extensions ['cmake', 'python']
[0.253s] Level 1:colcon.colcon_core.package_identification:_identify(backup) by extension 'cmake'
[0.253s] Level 1:colcon.colcon_core.package_identification:_identify(backup) by extension 'python'
[0.253s] Level 1:colcon.colcon_core.package_identification:_identify(backup) by extensions ['python_setup_py']
[0.253s] Level 1:colcon.colcon_core.package_identification:_identify(backup) by extension 'python_setup_py'
[0.253s] Level 1:colcon.colcon_core.package_identification:_identify(build) by extensions ['ignore', 'ignore_ament_install']
[0.253s] Level 1:colcon.colcon_core.package_identification:_identify(build) by extension 'ignore'
[0.253s] Level 1:colcon.colcon_core.package_identification:_identify(build) ignored
[0.254s] Level 1:colcon.colcon_core.package_identification:_identify(install) by extensions ['ignore', 'ignore_ament_install']
[0.254s] Level 1:colcon.colcon_core.package_identification:_identify(install) by extension 'ignore'
[0.254s] Level 1:colcon.colcon_core.package_identification:_identify(install) ignored
[0.254s] Level 1:colcon.colcon_core.package_identification:_identify(log) by extensions ['ignore', 'ignore_ament_install']
[0.254s] Level 1:colcon.colcon_core.package_identification:_identify(log) by extension 'ignore'
[0.254s] Level 1:colcon.colcon_core.package_identification:_identify(log) ignored
[0.255s] Level 1:colcon.colcon_core.package_identification:_identify(src) by extensions ['ignore', 'ignore_ament_install']
[0.255s] Level 1:colcon.colcon_core.package_identification:_identify(src) by extension 'ignore'
[0.255s] Level 1:colcon.colcon_core.package_identification:_identify(src) by extension 'ignore_ament_install'
[0.255s] Level 1:colcon.colcon_core.package_identification:_identify(src) by extensions ['colcon_pkg']
[0.255s] Level 1:colcon.colcon_core.package_identification:_identify(src) by extension 'colcon_pkg'
[0.255s] Level 1:colcon.colcon_core.package_identification:_identify(src) by extensions ['colcon_meta']
[0.255s] Level 1:colcon.colcon_core.package_identification:_identify(src) by extension 'colcon_meta'
[0.255s] Level 1:colcon.colcon_core.package_identification:_identify(src) by extensions ['ros']
[0.255s] Level 1:colcon.colcon_core.package_identification:_identify(src) by extension 'ros'
[0.255s] Level 1:colcon.colcon_core.package_identification:_identify(src) by extensions ['cmake', 'python']
[0.256s] Level 1:colcon.colcon_core.package_identification:_identify(src) by extension 'cmake'
[0.256s] Level 1:colcon.colcon_core.package_identification:_identify(src) by extension 'python'
[0.256s] Level 1:colcon.colcon_core.package_identification:_identify(src) by extensions ['python_setup_py']
[0.256s] Level 1:colcon.colcon_core.package_identification:_identify(src) by extension 'python_setup_py'
[0.256s] Level 1:colcon.colcon_core.package_identification:_identify(src/robonex_ai) by extensions ['ignore', 'ignore_ament_install']
[0.256s] Level 1:colcon.colcon_core.package_identification:_identify(src/robonex_ai) by extension 'ignore'
[0.256s] Level 1:colcon.colcon_core.package_identification:_identify(src/robonex_ai) by extension 'ignore_ament_install'
[0.256s] Level 1:colcon.colcon_core.package_identification:_identify(src/robonex_ai) by extensions ['colcon_pkg']
[0.256s] Level 1:colcon.colcon_core.package_identification:_identify(src/robonex_ai) by extension 'colcon_pkg'
[0.257s] Level 1:colcon.colcon_core.package_identification:_identify(src/robonex_ai) by extensions ['colcon_meta']
[0.257s] Level 1:colcon.colcon_core.package_identification:_identify(src/robonex_ai) by extension 'colcon_meta'
[0.257s] Level 1:colcon.colcon_core.package_identification:_identify(src/robonex_ai) by extensions ['ros']
[0.257s] Level 1:colcon.colcon_core.package_identification:_identify(src/robonex_ai) by extension 'ros'
[0.260s] DEBUG:colcon.colcon_core.package_identification:Package 'src/robonex_ai' with type 'ros.ament_python' and name 'robonex_ai'
[0.260s] Level 1:colcon.colcon_core.package_identification:_identify(src/robonex_hardware) by extensions ['ignore', 'ignore_ament_install']
[0.260s] Level 1:colcon.colcon_core.package_identification:_identify(src/robonex_hardware) by extension 'ignore'
[0.260s] Level 1:colcon.colcon_core.package_identification:_identify(src/robonex_hardware) by extension 'ignore_ament_install'
[0.261s] Level 1:colcon.colcon_core.package_identification:_identify(src/robonex_hardware) by extensions ['colcon_pkg']
[0.261s] Level 1:colcon.colcon_core.package_identification:_identify(src/robonex_hardware) by extension 'colcon_pkg'
[0.261s] Level 1:colcon.colcon_core.package_identification:_identify(src/robonex_hardware) by extensions ['colcon_meta']
[0.261s] Level 1:colcon.colcon_core.package_identification:_identify(src/robonex_hardware) by extension 'colcon_meta'
[0.261s] Level 1:colcon.colcon_core.package_identification:_identify(src/robonex_hardware) by extensions ['ros']
[0.261s] Level 1:colcon.colcon_core.package_identification:_identify(src/robonex_hardware) by extension 'ros'
[0.262s] DEBUG:colcon.colcon_core.package_identification:Package 'src/robonex_hardware' with type 'ros.ament_python' and name 'robonex_hardware'
[0.262s] Level 1:colcon.colcon_core.package_discovery:discover_packages(recursive) using defaults
[0.262s] Level 1:colcon.colcon_core.package_discovery:discover_packages(ignore) discover
[0.262s] Level 1:colcon.colcon_core.package_discovery:discover_packages(ignore) using defaults
[0.262s] Level 1:colcon.colcon_core.package_discovery:discover_packages(path) discover
[0.262s] Level 1:colcon.colcon_core.package_discovery:discover_packages(path) using defaults
[0.283s] Level 1:colcon.colcon_core.package_discovery:discover_packages(prefix_path) check parameters
[0.283s] Level 1:colcon.colcon_core.package_discovery:discover_packages(prefix_path) discover
[0.285s] DEBUG:colcon.colcon_installed_package_information.package_discovery:Found 2 installed packages in /home/abhinav/Desktop/roboControl/install
[0.286s] DEBUG:colcon.colcon_installed_package_information.package_discovery:Found 286 installed packages in /opt/ros/jazzy
[0.288s] Level 1:colcon.colcon_core.package_discovery:discover_packages(prefix_path) using defaults
[0.337s] Level 5:colcon.colcon_core.verb:set package 'robonex_ai' build argument 'cmake_args' from command line to 'None'
[0.337s] Level 5:colcon.colcon_core.verb:set package 'robonex_ai' build argument 'cmake_target' from command line to 'None'
[0.337s] Level 5:colcon.colcon_core.verb:set package 'robonex_ai' build argument 'cmake_target_skip_unavailable' from command line to 'False'
[0.337s] Level 5:colcon.colcon_core.verb:set package 'robonex_ai' build argument 'cmake_clean_cache' from command line to 'False'
[0.337s] Level 5:colcon.colcon_core.verb:set package 'robonex_ai' build argument 'cmake_clean_first' from command line to 'False'
[0.337s] Level 5:colcon.colcon_core.verb:set package 'robonex_ai' build argument 'cmake_force_configure' from command line to 'False'
[0.337s] Level 5:colcon.colcon_core.verb:set package 'robonex_ai' build argument 'ament_cmake_args' from command line to 'None'
[0.337s] Level 5:colcon.colcon_core.verb:set package 'robonex_ai' build argument 'catkin_cmake_args' from command line to 'None'
[0.337s] Level 5:colcon.colcon_core.verb:set package 'robonex_ai' build argument 'catkin_skip_building_tests' from command line to 'False'
[0.337s] DEBUG:colcon.colcon_core.verb:Building package 'robonex_ai' with the following arguments: {'ament_cmake_args': None, 'build_base': '/home/abhinav/Desktop/roboControl/build/robonex_ai', 'catkin_cmake_args': None, 'catkin_skip_building_tests': False, 'cmake_args': None, 'cmake_clean_cache': False, 'cmake_clean_first': False, 'cmake_force_configure': False, 'cmake_target': None, 'cmake_target_skip_unavailable': False, 'install_base': '/home/abhinav/Desktop/roboControl/install/robonex_ai', 'merge_install': False, 'path': '/home/abhinav/Desktop/roboControl/src/robonex_ai', 'symlink_install': False, 'test_result_base': None}
[0.338s] Level 5:colcon.colcon_core.verb:set package 'robonex_hardware' build argument 'cmake_args' from command line to 'None'
[0.338s] Level 5:colcon.colcon_core.verb:set package 'robonex_hardware' build argument 'cmake_target' from command line to 'None'
[0.338s] Level 5:colcon.colcon_core.verb:set package 'robonex_hardware' build argument 'cmake_target_skip_unavailable' from command line to 'False'
[0.338s] Level 5:colcon.colcon_core.verb:set package 'robonex_hardware' build argument 'cmake_clean_cache' from command line to 'False'
[0.338s] Level 5:colcon.colcon_core.verb:set package 'robonex_hardware' build argument 'cmake_clean_first' from command line to 'False'
[0.338s] Level 5:colcon.colcon_core.verb:set package 'robonex_hardware' build argument 'cmake_force_configure' from command line to 'False'
[0.338s] Level 5:colcon.colcon_core.verb:set package 'robonex_hardware' build argument 'ament_cmake_args' from command line to 'None'
[0.338s] Level 5:colcon.colcon_core.verb:set package 'robonex_hardware' build argument 'catkin_cmake_args' from command line to 'None'
[0.338s] Level 5:colcon.colcon_core.verb:set package 'robonex_hardware' build argument 'catkin_skip_building_tests' from command line to 'False'
[0.338s] DEBUG:colcon.colcon_core.verb:Building package 'robonex_hardware' with the following arguments: {'ament_cmake_args': None, 'build_base': '/home/abhinav/Desktop/roboControl/build/robonex_hardware', 'catkin_cmake_args': None, 'catkin_skip_building_tests': False, 'cmake_args': None, 'cmake_clean_cache': False, 'cmake_clean_first': False, 'cmake_force_configure': False, 'cmake_target': None, 'cmake_target_skip_unavailable': False, 'install_base': '/home/abhinav/Desktop/roboControl/install/robonex_hardware', 'merge_install': False, 'path': '/home/abhinav/Desktop/roboControl/src/robonex_hardware', 'symlink_install': False, 'test_result_base': None}
[0.338s] INFO:colcon.colcon_core.executor:Executing jobs using 'parallel' executor
[0.339s] DEBUG:colcon.colcon_parallel_executor.executor.parallel:run_until_complete
[0.339s] INFO:colcon.colcon_ros.task.ament_python.build:Building ROS package in '/home/abhinav/Desktop/roboControl/src/robonex_ai' with build type 'ament_python'
[0.340s] Level 1:colcon.colcon_core.shell:create_environment_hook('robonex_ai', 'ament_prefix_path')
[0.342s] INFO:colcon.colcon_core.plugin_system:Skipping extension 'colcon_core.shell.bat': Not used on non-Windows systems
[0.342s] INFO:colcon.colcon_core.shell:Creating environment hook '/home/abhinav/Desktop/roboControl/install/robonex_ai/share/robonex_ai/hook/ament_prefix_path.ps1'
[0.343s] INFO:colcon.colcon_core.shell:Creating environment descriptor '/home/abhinav/Desktop/roboControl/install/robonex_ai/share/robonex_ai/hook/ament_prefix_path.dsv'
[0.343s] INFO:colcon.colcon_core.shell:Creating environment hook '/home/abhinav/Desktop/roboControl/install/robonex_ai/share/robonex_ai/hook/ament_prefix_path.sh'
[0.344s] INFO:colcon.colcon_core.shell:Skip shell extension 'powershell' for command environment: Not usable outside of PowerShell
[0.344s] DEBUG:colcon.colcon_core.shell:Skip shell extension 'dsv' for command environment
[0.350s] INFO:colcon.colcon_ros.task.ament_python.build:Building ROS package in '/home/abhinav/Desktop/roboControl/src/robonex_hardware' with build type 'ament_python'
[0.350s] Level 1:colcon.colcon_core.shell:create_environment_hook('robonex_hardware', 'ament_prefix_path')
[0.350s] INFO:colcon.colcon_core.shell:Creating environment hook '/home/abhinav/Desktop/roboControl/install/robonex_hardware/share/robonex_hardware/hook/ament_prefix_path.ps1'
[0.351s] INFO:colcon.colcon_core.shell:Creating environment descriptor '/home/abhinav/Desktop/roboControl/install/robonex_hardware/share/robonex_hardware/hook/ament_prefix_path.dsv'
[0.352s] INFO:colcon.colcon_core.shell:Creating environment hook '/home/abhinav/Desktop/roboControl/install/robonex_hardware/share/robonex_hardware/hook/ament_prefix_path.sh'
[0.352s] INFO:colcon.colcon_core.shell:Skip shell extension 'powershell' for command environment: Not usable outside of PowerShell
[0.353s] DEBUG:colcon.colcon_core.shell:Skip shell extension 'dsv' for command environment
[0.664s] INFO:colcon.colcon_core.task.python.build:Building Python package in '/home/abhinav/Desktop/roboControl/src/robonex_ai'
[0.664s] INFO:colcon.colcon_core.shell:Skip shell extension 'powershell' for command environment: Not usable outside of PowerShell
[0.664s] DEBUG:colcon.colcon_core.shell:Skip shell extension 'dsv' for command environment
[0.954s] INFO:colcon.colcon_core.task.python.build:Building Python package in '/home/abhinav/Desktop/roboControl/src/robonex_hardware'
[0.954s] INFO:colcon.colcon_core.shell:Skip shell extension 'powershell' for command environment: Not usable outside of PowerShell
[0.955s] DEBUG:colcon.colcon_core.shell:Skip shell extension 'dsv' for command environment
[1.788s] DEBUG:colcon.colcon_core.event_handler.log_command:Invoking command in '/home/abhinav/Desktop/roboControl/src/robonex_ai': PYTHONPATH=/home/abhinav/Desktop/roboControl/build/robonex_ai/prefix_override:/usr/lib/python3/dist-packages/colcon_core/task/python/colcon_distutils_commands:/home/abhinav/Desktop/roboControl/install/robonex_ai/lib/python3.12/site-packages:${PYTHONPATH} /usr/bin/python3 -W ignore:setup.py install is deprecated -W ignore:easy_install command is deprecated setup.py egg_info --egg-base ../../build/robonex_ai build --build-base /home/abhinav/Desktop/roboControl/build/robonex_ai/build install --record /home/abhinav/Desktop/roboControl/build/robonex_ai/install.log --single-version-externally-managed install_data
[1.795s] DEBUG:colcon.colcon_core.event_handler.log_command:Invoking command in '/home/abhinav/Desktop/roboControl/src/robonex_hardware': PYTHONPATH=/home/abhinav/Desktop/roboControl/build/robonex_hardware/prefix_override:/usr/lib/python3/dist-packages/colcon_core/task/python/colcon_distutils_commands:/home/abhinav/Desktop/roboControl/install/robonex_hardware/lib/python3.12/site-packages:${PYTHONPATH} /usr/bin/python3 -W ignore:setup.py install is deprecated -W ignore:easy_install command is deprecated setup.py egg_info --egg-base ../../build/robonex_hardware build --build-base /home/abhinav/Desktop/roboControl/build/robonex_hardware/build install --record /home/abhinav/Desktop/roboControl/build/robonex_hardware/install.log --single-version-externally-managed install_data
[2.611s] DEBUG:colcon.colcon_core.event_handler.log_command:Invoked command in '/home/abhinav/Desktop/roboControl/src/robonex_hardware' returned '0': PYTHONPATH=/home/abhinav/Desktop/roboControl/build/robonex_hardware/prefix_override:/usr/lib/python3/dist-packages/colcon_core/task/python/colcon_distutils_commands:/home/abhinav/Desktop/roboControl/install/robonex_hardware/lib/python3.12/site-packages:${PYTHONPATH} /usr/bin/python3 -W ignore:setup.py install is deprecated -W ignore:easy_install command is deprecated setup.py egg_info --egg-base ../../build/robonex_hardware build --build-base /home/abhinav/Desktop/roboControl/build/robonex_hardware/build install --record /home/abhinav/Desktop/roboControl/build/robonex_hardware/install.log --single-version-externally-managed install_data
[2.616s] Level 1:colcon.colcon_core.environment:checking '/home/abhinav/Desktop/roboControl/install/robonex_hardware' for CMake module files
[2.617s] Level 1:colcon.colcon_core.environment:checking '/home/abhinav/Desktop/roboControl/install/robonex_hardware' for CMake config files
[2.619s] Level 1:colcon.colcon_core.environment:checking '/home/abhinav/Desktop/roboControl/install/robonex_hardware/lib'
[2.619s] Level 1:colcon.colcon_core.environment:checking '/home/abhinav/Desktop/roboControl/install/robonex_hardware/bin'
[2.620s] Level 1:colcon.colcon_core.environment:checking '/home/abhinav/Desktop/roboControl/install/robonex_hardware/lib/pkgconfig/robonex_hardware.pc'
[2.620s] Level 1:colcon.colcon_core.environment:checking '/home/abhinav/Desktop/roboControl/install/robonex_hardware/lib/python3.12/site-packages'
[2.620s] Level 1:colcon.colcon_core.shell:create_environment_hook('robonex_hardware', 'pythonpath')
[2.621s] INFO:colcon.colcon_core.shell:Creating environment hook '/home/abhinav/Desktop/roboControl/install/robonex_hardware/share/robonex_hardware/hook/pythonpath.ps1'
[2.621s] INFO:colcon.colcon_core.shell:Creating environment descriptor '/home/abhinav/Desktop/roboControl/install/robonex_hardware/share/robonex_hardware/hook/pythonpath.dsv'
[2.622s] INFO:colcon.colcon_core.shell:Creating environment hook '/home/abhinav/Desktop/roboControl/install/robonex_hardware/share/robonex_hardware/hook/pythonpath.sh'
[2.623s] Level 1:colcon.colcon_core.environment:checking '/home/abhinav/Desktop/roboControl/install/robonex_hardware/bin'
[2.623s] Level 1:colcon.colcon_core.environment:create_environment_scripts_only(robonex_hardware)
[2.623s] INFO:colcon.colcon_core.shell:Creating package script '/home/abhinav/Desktop/roboControl/install/robonex_hardware/share/robonex_hardware/package.ps1'
[2.624s] INFO:colcon.colcon_core.shell:Creating package descriptor '/home/abhinav/Desktop/roboControl/install/robonex_hardware/share/robonex_hardware/package.dsv'
[2.625s] INFO:colcon.colcon_core.shell:Creating package script '/home/abhinav/Desktop/roboControl/install/robonex_hardware/share/robonex_hardware/package.sh'
[2.626s] INFO:colcon.colcon_core.shell:Creating package script '/home/abhinav/Desktop/roboControl/install/robonex_hardware/share/robonex_hardware/package.bash'
[2.627s] INFO:colcon.colcon_core.shell:Creating package script '/home/abhinav/Desktop/roboControl/install/robonex_hardware/share/robonex_hardware/package.zsh'
[2.628s] Level 1:colcon.colcon_core.environment:create_file_with_runtime_dependencies(/home/abhinav/Desktop/roboControl/install/robonex_hardware/share/colcon-core/packages/robonex_hardware)
[2.630s] Level 1:colcon.colcon_core.environment:checking '/home/abhinav/Desktop/roboControl/install/robonex_ai' for CMake module files
[2.631s] DEBUG:colcon.colcon_core.event_handler.log_command:Invoked command in '/home/abhinav/Desktop/roboControl/src/robonex_ai' returned '0': PYTHONPATH=/home/abhinav/Desktop/roboControl/build/robonex_ai/prefix_override:/usr/lib/python3/dist-packages/colcon_core/task/python/colcon_distutils_commands:/home/abhinav/Desktop/roboControl/install/robonex_ai/lib/python3.12/site-packages:${PYTHONPATH} /usr/bin/python3 -W ignore:setup.py install is deprecated -W ignore:easy_install command is deprecated setup.py egg_info --egg-base ../../build/robonex_ai build --build-base /home/abhinav/Desktop/roboControl/build/robonex_ai/build install --record /home/abhinav/Desktop/roboControl/build/robonex_ai/install.log --single-version-externally-managed install_data
[2.631s] Level 1:colcon.colcon_core.environment:checking '/home/abhinav/Desktop/roboControl/install/robonex_ai' for CMake config files
[2.632s] Level 1:colcon.colcon_core.environment:checking '/home/abhinav/Desktop/roboControl/install/robonex_ai/lib'
[2.633s] Level 1:colcon.colcon_core.environment:checking '/home/abhinav/Desktop/roboControl/install/robonex_ai/bin'
[2.633s] Level 1:colcon.colcon_core.environment:checking '/home/abhinav/Desktop/roboControl/install/robonex_ai/lib/pkgconfig/robonex_ai.pc'
[2.633s] Level 1:colcon.colcon_core.environment:checking '/home/abhinav/Desktop/roboControl/install/robonex_ai/lib/python3.12/site-packages'
[2.633s] Level 1:colcon.colcon_core.shell:create_environment_hook('robonex_ai', 'pythonpath')
[2.634s] INFO:colcon.colcon_core.shell:Creating environment hook '/home/abhinav/Desktop/roboControl/install/robonex_ai/share/robonex_ai/hook/pythonpath.ps1'
[2.635s] INFO:colcon.colcon_core.shell:Creating environment descriptor '/home/abhinav/Desktop/roboControl/install/robonex_ai/share/robonex_ai/hook/pythonpath.dsv'
[2.636s] INFO:colcon.colcon_core.shell:Creating environment hook '/home/abhinav/Desktop/roboControl/install/robonex_ai/share/robonex_ai/hook/pythonpath.sh'
[2.637s] Level 1:colcon.colcon_core.environment:checking '/home/abhinav/Desktop/roboControl/install/robonex_ai/bin'
[2.637s] Level 1:colcon.colcon_core.environment:create_environment_scripts_only(robonex_ai)
[2.638s] INFO:colcon.colcon_core.shell:Creating package script '/home/abhinav/Desktop/roboControl/install/robonex_ai/share/robonex_ai/package.ps1'
[2.639s] INFO:colcon.colcon_core.shell:Creating package descriptor '/home/abhinav/Desktop/roboControl/install/robonex_ai/share/robonex_ai/package.dsv'
[2.640s] INFO:colcon.colcon_core.shell:Creating package script '/home/abhinav/Desktop/roboControl/install/robonex_ai/share/robonex_ai/package.sh'
[2.641s] INFO:colcon.colcon_core.shell:Creating package script '/home/abhinav/Desktop/roboControl/install/robonex_ai/share/robonex_ai/package.bash'
[2.641s] INFO:colcon.colcon_core.shell:Creating package script '/home/abhinav/Desktop/roboControl/install/robonex_ai/share/robonex_ai/package.zsh'
[2.642s] Level 1:colcon.colcon_core.environment:create_file_with_runtime_dependencies(/home/abhinav/Desktop/roboControl/install/robonex_ai/share/colcon-core/packages/robonex_ai)
[2.642s] DEBUG:colcon.colcon_parallel_executor.executor.parallel:closing loop
[2.643s] DEBUG:colcon.colcon_parallel_executor.executor.parallel:loop closed
[2.643s] DEBUG:colcon.colcon_parallel_executor.executor.parallel:run_until_complete finished with '0'
[2.644s] DEBUG:colcon.colcon_core.event_reactor:joining thread
[2.655s] INFO:colcon.colcon_core.plugin_system:Skipping extension 'colcon_notification.desktop_notification.notify_send': Could not find 'notify-send'
[2.656s] INFO:colcon.colcon_core.plugin_system:Skipping extension 'colcon_notification.desktop_notification.terminal_notifier': Not used on non-Darwin systems
[2.656s] INFO:colcon.colcon_core.plugin_system:Skipping extension 'colcon_notification.desktop_notification.win32': Not used on non-Windows systems
[2.656s] INFO:colcon.colcon_notification.desktop_notification:Sending desktop notification using 'notify2'
[2.660s] DEBUG:colcon.colcon_core.event_reactor:joined thread
[2.660s] INFO:colcon.colcon_core.shell:Creating prefix script '/home/abhinav/Desktop/roboControl/install/local_setup.ps1'
[2.662s] INFO:colcon.colcon_core.shell:Creating prefix util module '/home/abhinav/Desktop/roboControl/install/_local_setup_util_ps1.py'
[2.666s] INFO:colcon.colcon_core.shell:Creating prefix chain script '/home/abhinav/Desktop/roboControl/install/setup.ps1'
[2.668s] INFO:colcon.colcon_core.shell:Creating prefix script '/home/abhinav/Desktop/roboControl/install/local_setup.sh'
[2.670s] INFO:colcon.colcon_core.shell:Creating prefix util module '/home/abhinav/Desktop/roboControl/install/_local_setup_util_sh.py'
[2.671s] INFO:colcon.colcon_core.shell:Creating prefix chain script '/home/abhinav/Desktop/roboControl/install/setup.sh'
[2.674s] INFO:colcon.colcon_core.shell:Creating prefix script '/home/abhinav/Desktop/roboControl/install/local_setup.bash'
[2.675s] INFO:colcon.colcon_core.shell:Creating prefix chain script '/home/abhinav/Desktop/roboControl/install/setup.bash'
[2.677s] INFO:colcon.colcon_core.shell:Creating prefix script '/home/abhinav/Desktop/roboControl/install/local_setup.zsh'
[2.678s] INFO:colcon.colcon_core.shell:Creating prefix chain script '/home/abhinav/Desktop/roboControl/install/setup.zsh'
