running egg_info
creating build/robonex_ai/robonex_ai.egg-info
writing build/robonex_ai/robonex_ai.egg-info/PKG-INFO
writing dependency_links to build/robonex_ai/robonex_ai.egg-info/dependency_links.txt
writing entry points to build/robonex_ai/robonex_ai.egg-info/entry_points.txt
writing requirements to build/robonex_ai/robonex_ai.egg-info/requires.txt
writing top-level names to build/robonex_ai/robonex_ai.egg-info/top_level.txt
writing manifest file 'build/robonex_ai/robonex_ai.egg-info/SOURCES.txt'
reading manifest file 'build/robonex_ai/robonex_ai.egg-info/SOURCES.txt'
writing manifest file 'build/robonex_ai/robonex_ai.egg-info/SOURCES.txt'
running build
running build_py
creating /home/abhinav/Desktop/roboControl/src/robonex_ai/build/robonex_ai/build
creating /home/abhinav/Desktop/roboControl/src/robonex_ai/build/robonex_ai/build/lib
creating /home/abhinav/Desktop/roboControl/src/robonex_ai/build/robonex_ai/build/lib/robonex_ai
copying robonex_ai/ai_node.py -> /home/abhinav/Desktop/roboControl/src/robonex_ai/build/robonex_ai/build/lib/robonex_ai
copying robonex_ai/__init__.py -> /home/abhinav/Desktop/roboControl/src/robonex_ai/build/robonex_ai/build/lib/robonex_ai
running install
running install_lib
creating /home/abhinav/Desktop/roboControl/src/robonex_ai/install/robonex_ai/lib/python3.12/site-packages/robonex_ai
copying /home/abhinav/Desktop/roboControl/src/robonex_ai/build/robonex_ai/build/lib/robonex_ai/ai_node.py -> /home/abhinav/Desktop/roboControl/src/robonex_ai/install/robonex_ai/lib/python3.12/site-packages/robonex_ai
copying /home/abhinav/Desktop/roboControl/src/robonex_ai/build/robonex_ai/build/lib/robonex_ai/__init__.py -> /home/abhinav/Desktop/roboControl/src/robonex_ai/install/robonex_ai/lib/python3.12/site-packages/robonex_ai
byte-compiling /home/abhinav/Desktop/roboControl/src/robonex_ai/install/robonex_ai/lib/python3.12/site-packages/robonex_ai/ai_node.py to ai_node.cpython-312.pyc
byte-compiling /home/abhinav/Desktop/roboControl/src/robonex_ai/install/robonex_ai/lib/python3.12/site-packages/robonex_ai/__init__.py to __init__.cpython-312.pyc
running install_data
creating /home/abhinav/Desktop/roboControl/src/robonex_ai/install/robonex_ai/share/ament_index
creating /home/abhinav/Desktop/roboControl/src/robonex_ai/install/robonex_ai/share/ament_index/resource_index
creating /home/abhinav/Desktop/roboControl/src/robonex_ai/install/robonex_ai/share/ament_index/resource_index/packages
copying resource/robonex_ai -> /home/abhinav/Desktop/roboControl/src/robonex_ai/install/robonex_ai/share/ament_index/resource_index/packages
copying package.xml -> /home/abhinav/Desktop/roboControl/src/robonex_ai/install/robonex_ai/share/robonex_ai
running install_egg_info
Copying build/robonex_ai/robonex_ai.egg-info to /home/abhinav/Desktop/roboControl/src/robonex_ai/install/robonex_ai/lib/python3.12/site-packages/robonex_ai-0.0.0-py3.12.egg-info
running install_scripts
Installing ai_server script to /home/abhinav/Desktop/roboControl/src/robonex_ai/install/robonex_ai/lib/robonex_ai
writing list of installed files to '/home/abhinav/Desktop/roboControl/src/robonex_ai/build/robonex_ai/install.log'
