[1.143s] Invoking command in '/home/abhinav/Desktop/roboControl/src/robonex_ai': PYTHONPATH=/home/abhinav/Desktop/roboControl/src/robonex_ai/build/robonex_ai/prefix_override:/usr/lib/python3/dist-packages/colcon_core/task/python/colcon_distutils_commands:/home/abhinav/Desktop/roboControl/src/robonex_ai/install/robonex_ai/lib/python3.12/site-packages:${PYTHONPATH} /usr/bin/python3 -W ignore:setup.py install is deprecated -W ignore:easy_install command is deprecated setup.py egg_info --egg-base build/robonex_ai build --build-base /home/abhinav/Desktop/roboControl/src/robonex_ai/build/robonex_ai/build install --record /home/abhinav/Desktop/roboControl/src/robonex_ai/build/robonex_ai/install.log --single-version-externally-managed install_data
[1.527s] running egg_info
[1.527s] creating build/robonex_ai/robonex_ai.egg-info
[1.555s] writing build/robonex_ai/robonex_ai.egg-info/PKG-INFO
[1.555s] writing dependency_links to build/robonex_ai/robonex_ai.egg-info/dependency_links.txt
[1.556s] writing entry points to build/robonex_ai/robonex_ai.egg-info/entry_points.txt
[1.556s] writing requirements to build/robonex_ai/robonex_ai.egg-info/requires.txt
[1.556s] writing top-level names to build/robonex_ai/robonex_ai.egg-info/top_level.txt
[1.556s] writing manifest file 'build/robonex_ai/robonex_ai.egg-info/SOURCES.txt'
[1.607s] reading manifest file 'build/robonex_ai/robonex_ai.egg-info/SOURCES.txt'
[1.608s] writing manifest file 'build/robonex_ai/robonex_ai.egg-info/SOURCES.txt'
[1.608s] running build
[1.608s] running build_py
[1.608s] creating /home/abhinav/Desktop/roboControl/src/robonex_ai/build/robonex_ai/build
[1.608s] creating /home/abhinav/Desktop/roboControl/src/robonex_ai/build/robonex_ai/build/lib
[1.609s] creating /home/abhinav/Desktop/roboControl/src/robonex_ai/build/robonex_ai/build/lib/robonex_ai
[1.609s] copying robonex_ai/ai_node.py -> /home/abhinav/Desktop/roboControl/src/robonex_ai/build/robonex_ai/build/lib/robonex_ai
[1.609s] copying robonex_ai/__init__.py -> /home/abhinav/Desktop/roboControl/src/robonex_ai/build/robonex_ai/build/lib/robonex_ai
[1.609s] running install
[1.619s] running install_lib
[1.645s] creating /home/abhinav/Desktop/roboControl/src/robonex_ai/install/robonex_ai/lib/python3.12/site-packages/robonex_ai
[1.645s] copying /home/abhinav/Desktop/roboControl/src/robonex_ai/build/robonex_ai/build/lib/robonex_ai/ai_node.py -> /home/abhinav/Desktop/roboControl/src/robonex_ai/install/robonex_ai/lib/python3.12/site-packages/robonex_ai
[1.645s] copying /home/abhinav/Desktop/roboControl/src/robonex_ai/build/robonex_ai/build/lib/robonex_ai/__init__.py -> /home/abhinav/Desktop/roboControl/src/robonex_ai/install/robonex_ai/lib/python3.12/site-packages/robonex_ai
[1.646s] byte-compiling /home/abhinav/Desktop/roboControl/src/robonex_ai/install/robonex_ai/lib/python3.12/site-packages/robonex_ai/ai_node.py to ai_node.cpython-312.pyc
[1.647s] byte-compiling /home/abhinav/Desktop/roboControl/src/robonex_ai/install/robonex_ai/lib/python3.12/site-packages/robonex_ai/__init__.py to __init__.cpython-312.pyc
[1.647s] running install_data
[1.647s] creating /home/abhinav/Desktop/roboControl/src/robonex_ai/install/robonex_ai/share/ament_index
[1.648s] creating /home/abhinav/Desktop/roboControl/src/robonex_ai/install/robonex_ai/share/ament_index/resource_index
[1.648s] creating /home/abhinav/Desktop/roboControl/src/robonex_ai/install/robonex_ai/share/ament_index/resource_index/packages
[1.648s] copying resource/robonex_ai -> /home/abhinav/Desktop/roboControl/src/robonex_ai/install/robonex_ai/share/ament_index/resource_index/packages
[1.648s] copying package.xml -> /home/abhinav/Desktop/roboControl/src/robonex_ai/install/robonex_ai/share/robonex_ai
[1.648s] running install_egg_info
[1.676s] Copying build/robonex_ai/robonex_ai.egg-info to /home/abhinav/Desktop/roboControl/src/robonex_ai/install/robonex_ai/lib/python3.12/site-packages/robonex_ai-0.0.0-py3.12.egg-info
[1.677s] running install_scripts
[1.852s] Installing ai_server script to /home/abhinav/Desktop/roboControl/src/robonex_ai/install/robonex_ai/lib/robonex_ai
[1.852s] writing list of installed files to '/home/abhinav/Desktop/roboControl/src/robonex_ai/build/robonex_ai/install.log'
[1.891s] Invoked command in '/home/abhinav/Desktop/roboControl/src/robonex_ai' returned '0': PYTHONPATH=/home/abhinav/Desktop/roboControl/src/robonex_ai/build/robonex_ai/prefix_override:/usr/lib/python3/dist-packages/colcon_core/task/python/colcon_distutils_commands:/home/abhinav/Desktop/roboControl/src/robonex_ai/install/robonex_ai/lib/python3.12/site-packages:${PYTHONPATH} /usr/bin/python3 -W ignore:setup.py install is deprecated -W ignore:easy_install command is deprecated setup.py egg_info --egg-base build/robonex_ai build --build-base /home/abhinav/Desktop/roboControl/src/robonex_ai/build/robonex_ai/build install --record /home/abhinav/Desktop/roboControl/src/robonex_ai/build/robonex_ai/install.log --single-version-externally-managed install_data
